ARM Linker, 5.02 [Build 28] [MDK-ARM Lite]

==============================================================================

Section Cross References

    startup_stm32f0xx.o(STACK) refers (Special) to heapauxi.o(.text) for __use_two_region_memory
    startup_stm32f0xx.o(HEAP) refers (Special) to heapauxi.o(.text) for __use_two_region_memory
    startup_stm32f0xx.o(RESET) refers (Special) to heapauxi.o(.text) for __use_two_region_memory
    startup_stm32f0xx.o(RESET) refers to startup_stm32f0xx.o(STACK) for __initial_sp
    startup_stm32f0xx.o(RESET) refers to startup_stm32f0xx.o(.text) for Reset_Handler
    startup_stm32f0xx.o(RESET) refers to stm32f0xx_it.o(.text) for NMI_Handler
    startup_stm32f0xx.o(.text) refers (Special) to heapauxi.o(.text) for __use_two_region_memory
    startup_stm32f0xx.o(.text) refers to system_stm32f0xx.o(.text) for SystemInit
    startup_stm32f0xx.o(.text) refers to __main.o(!!!main) for __main
    startup_stm32f0xx.o(.text) refers to startup_stm32f0xx.o(HEAP) for Heap_Mem
    startup_stm32f0xx.o(.text) refers to startup_stm32f0xx.o(STACK) for Stack_Mem
    system_stm32f0xx.o(.text) refers to aeabi_sdiv.o(.text) for __aeabi_uidivmod
    system_stm32f0xx.o(.text) refers to system_stm32f0xx.o(.data) for SystemCoreClock
    main.o(.text) refers to system_stm32f0xx.o(.text) for SystemInit
    main.o(.text) refers to enable.o(.text) for Enable_Init
    main.o(.text) refers to state.o(.text) for State_Init
    main.o(.text) refers to fault.o(.text) for Fault_Init
    main.o(.text) refers to uart.o(.text) for UART_Init
    main.o(.text) refers to adc.o(.text) for ADC_exInit
    main.o(.text) refers to dac.o(.text) for DAC_exInit
    main.o(.text) refers to delay.o(.text) for delay_ms
    main.o(.text) refers to protocol.o(.text) for StartUp_Condition
    main.o(.text) refers to stm32f0xx_it.o(.data) for Error
    stm32f0xx_gpio.o(.text) refers to stm32f0xx_rcc.o(.text) for RCC_AHBPeriphResetCmd
    stm32f0xx_rcc.o(.text) refers to aeabi_sdiv.o(.text) for __aeabi_uidivmod
    stm32f0xx_rcc.o(.text) refers to stm32f0xx_rcc.o(.data) for APBAHBPrescTable
    stm32f0xx_usart.o(.text) refers to stm32f0xx_rcc.o(.text) for RCC_APB2PeriphResetCmd
    stm32f0xx_usart.o(.text) refers to aeabi_sdiv.o(.text) for __aeabi_uidivmod
    stm32f0xx_it.o(.text) refers to stm32f0xx_exti.o(.text) for EXTI_GetITStatus
    stm32f0xx_it.o(.text) refers to stm32f0xx_gpio.o(.text) for GPIO_ResetBits
    stm32f0xx_it.o(.text) refers to stm32f0xx_usart.o(.text) for USART_GetITStatus
    stm32f0xx_it.o(.text) refers to protocol.o(.text) for protocol
    stm32f0xx_it.o(.text) refers to enable.o(.data) for Flag_On
    stm32f0xx_it.o(.text) refers to stm32f0xx_it.o(.data) for Error
    stm32f0xx_it.o(.text) refers to stm32f0xx_it.o(.bss) for rd
    stm32f0xx_dac.o(.text) refers to stm32f0xx_rcc.o(.text) for RCC_APB1PeriphResetCmd
    stm32f0xx_tim.o(.text) refers to stm32f0xx_rcc.o(.text) for RCC_APB2PeriphResetCmd
    stm32f0xx_adc.o(.text) refers to stm32f0xx_rcc.o(.text) for RCC_APB2PeriphResetCmd
    uart.o(.text) refers to stm32f0xx_rcc.o(.text) for RCC_AHBPeriphClockCmd
    uart.o(.text) refers to stm32f0xx_gpio.o(.text) for GPIO_PinAFConfig
    uart.o(.text) refers to stm32f0xx_misc.o(.text) for NVIC_Init
    uart.o(.text) refers to stm32f0xx_usart.o(.text) for USART_Init
    uart.o(.text) refers to dir.o(.text) for Dir_Init
    uart.o(.text) refers to delay.o(.text) for delay_ms
    enable.o(.text) refers to stm32f0xx_rcc.o(.text) for RCC_AHBPeriphClockCmd
    enable.o(.text) refers to stm32f0xx_gpio.o(.text) for GPIO_Init
    enable.o(.text) refers to delay.o(.text) for delay_ms
    enable.o(.text) refers to dac.o(.text) for DAC_Tune
    enable.o(.text) refers to eeprom_emulation.o(.text) for WR_EEPROM
    enable.o(.text) refers to enable.o(.data) for Flag_On
    enable.o(.text) refers to eeprom_emulation.o(.data) for Current_Tune_ADDRESS
    enable.o(.text) refers to protocol.o(.data) for CurrentTuneValue
    enable.o(.text) refers to dac.o(.data) for ctrlSoftTune
    enable.o(.text) refers to adc.o(.bss) for ADC_Data
    dac.o(.text) refers to stm32f0xx_rcc.o(.text) for RCC_AHBPeriphClockCmd
    dac.o(.text) refers to stm32f0xx_gpio.o(.text) for GPIO_Init
    dac.o(.text) refers to stm32f0xx_dac.o(.text) for DAC_Init
    dac.o(.text) refers to stm32f0xx_tim.o(.text) for TIM_TimeBaseStructInit
    dac.o(.text) refers to stm32f0xx_dma.o(.text) for DMA_DeInit
    dac.o(.text) refers to dac.o(.data) for DAC_InitStructure
    dac.o(.text) refers to dac.o(.bss) for TIM_TimeBaseStructure
    dac.o(.text) refers to dac.o(.constdata) for ctrlSoftStart
    state.o(.text) refers to stm32f0xx_rcc.o(.text) for RCC_AHBPeriphClockCmd
    state.o(.text) refers to stm32f0xx_gpio.o(.text) for GPIO_Init
    state.o(.text) refers to delay.o(.text) for delay_ms
    fault.o(.text) refers to stm32f0xx_rcc.o(.text) for RCC_APB2PeriphClockCmd
    fault.o(.text) refers to stm32f0xx_misc.o(.text) for NVIC_Init
[...]
    defsig.o(CL$$defsig) refers to defsig_rtmem_inner.o(.text) for __rt_SIGRTMEM_inner
    _get_argv_nomalloc.o(.text) refers (Special) to hrguard.o(.text) for __heap_region$guard
    _get_argv_nomalloc.o(.text) refers to defsig_rtmem_outer.o(.text) for __rt_SIGRTMEM
    _get_argv_nomalloc.o(.text) refers to sys_command.o(.text) for _sys_command_string
    libshutdown.o(.ARM.Collect$$libshutdown$$00000000) refers (Special) to libshutdown2.o(.ARM.Collect$$libshutdown$$00000006) for __rt_lib_shutdown_fp_trap_1
    libshutdown.o(.ARM.Collect$$libshutdown$$00000000) refers (Special) to libshutdown2.o(.ARM.Collect$$libshutdown$$0000000E) for __rt_lib_shutdown_heap_1
    libshutdown.o(.ARM.Collect$$libshutdown$$00000000) refers (Special) to libshutdown2.o(.ARM.Collect$$libshutdown$$0000000F) for __rt_lib_shutdown_return
    libshutdown.o(.ARM.Collect$$libshutdown$$00000000) refers (Special) to libshutdown2.o(.ARM.Collect$$libshutdown$$00000009) for __rt_lib_shutdown_signal_1
    libshutdown.o(.ARM.Collect$$libshutdown$$00000000) refers (Special) to libshutdown2.o(.ARM.Collect$$libshutdown$$00000003) for __rt_lib_shutdown_stdio_1
    libshutdown.o(.ARM.Collect$$libshutdown$$00000000) refers (Special) to libshutdown2.o(.ARM.Collect$$libshutdown$$0000000B) for __rt_lib_shutdown_user_alloc_1
    sys_command.o(.text) refers (Special) to use_no_semi.o(.text) for __I$use$semihosting
    sys_command.o(.text) refers (Special) to indicate_semi.o(.text) for __semihosting_library_function
    defsig_abrt_inner.o(.text) refers to defsig_general.o(.text) for __default_signal_display
    defsig_rtred_inner.o(.text) refers to defsig_general.o(.text) for __default_signal_display
    defsig_rtmem_inner.o(.text) refers to defsig_general.o(.text) for __default_signal_display
    defsig_rtmem_outer.o(.text) refers to defsig_rtmem_inner.o(.text) for __rt_SIGRTMEM_inner
    defsig_rtmem_outer.o(.text) refers to defsig_exit.o(.text) for __sig_exit
    defsig_rtmem_formal.o(.text) refers to rt_raise.o(.text) for __rt_raise
    defsig_stak_inner.o(.text) refers to defsig_general.o(.text) for __default_signal_display
    defsig_pvfn_inner.o(.text) refers to defsig_general.o(.text) for __default_signal_display
    defsig_cppl_inner.o(.text) refers to defsig_general.o(.text) for __default_signal_display
    defsig_segv_inner.o(.text) refers to defsig_general.o(.text) for __default_signal_display
    defsig_other.o(.text) refers to defsig_general.o(.text) for __default_signal_display


==============================================================================

Removing Unused input sections from the image.

    Removing system_stm32f0xx.o(.rev16_text), (4 bytes).
    Removing system_stm32f0xx.o(.revsh_text), (4 bytes).
    Removing main.o(.rev16_text), (4 bytes).
    Removing main.o(.revsh_text), (4 bytes).
    Removing stm32f0xx_gpio.o(.rev16_text), (4 bytes).
    Removing stm32f0xx_gpio.o(.revsh_text), (4 bytes).
    Removing stm32f0xx_rcc.o(.rev16_text), (4 bytes).
    Removing stm32f0xx_rcc.o(.revsh_text), (4 bytes).
    Removing stm32f0xx_usart.o(.rev16_text), (4 bytes).
    Removing stm32f0xx_usart.o(.revsh_text), (4 bytes).
    Removing stm32f0xx_misc.o(.rev16_text), (4 bytes).
    Removing stm32f0xx_misc.o(.revsh_text), (4 bytes).
    Removing stm32f0xx_it.o(.rev16_text), (4 bytes).
    Removing stm32f0xx_it.o(.revsh_text), (4 bytes).
    Removing stm32f0xx_dac.o(.rev16_text), (4 bytes).
    Removing stm32f0xx_dac.o(.revsh_text), (4 bytes).
    Removing stm32f0xx_dma.o(.rev16_text), (4 bytes).
    Removing stm32f0xx_dma.o(.revsh_text), (4 bytes).
    Removing stm32f0xx_tim.o(.rev16_text), (4 bytes).
    Removing stm32f0xx_tim.o(.revsh_text), (4 bytes).
    Removing stm32f0xx_adc.o(.rev16_text), (4 bytes).
    Removing stm32f0xx_adc.o(.revsh_text), (4 bytes).
    Removing stm32f0xx_syscfg.o(.rev16_text), (4 bytes).
    Removing stm32f0xx_syscfg.o(.revsh_text), (4 bytes).
    Removing stm32f0xx_exti.o(.rev16_text), (4 bytes).
    Removing stm32f0xx_exti.o(.revsh_text), (4 bytes).
    Removing stm32f0xx_iwdg.o(.rev16_text), (4 bytes).
    Removing stm32f0xx_iwdg.o(.revsh_text), (4 bytes).
    Removing stm32f0xx_iwdg.o(.text), (72 bytes).
    Removing stm32f0xx_flash.o(.rev16_text), (4 bytes).
    Removing stm32f0xx_flash.o(.revsh_text), (4 bytes).
    Removing uart.o(.rev16_text), (4 bytes).
    Removing uart.o(.revsh_text), (4 bytes).
    Removing enable.o(.rev16_text), (4 bytes).
    Removing enable.o(.revsh_text), (4 bytes).
    Removing dac.o(.rev16_text), (4 bytes).
    Removing dac.o(.revsh_text), (4 bytes).
    Removing state.o(.rev16_text), (4 bytes).
    Removing state.o(.revsh_text), (4 bytes).
    Removing fault.o(.rev16_text), (4 bytes).
    Removing fault.o(.revsh_text), (4 bytes).
    Removing pwm.o(.rev16_text), (4 bytes).
    Removing pwm.o(.revsh_text), (4 bytes).
    Removing pwm.o(.text), (52 bytes).
    Removing dir.o(.rev16_text), (4 bytes).
    Removing dir.o(.revsh_text), (4 bytes).
    Removing rdctrl.o(.rev16_text), (4 bytes).
    Removing rdctrl.o(.revsh_text), (4 bytes).
    Removing rdctrl.o(.text), (74 bytes).
    Removing protocol.o(.rev16_text), (4 bytes).
    Removing protocol.o(.revsh_text), (4 bytes).
    Removing delay.o(.rev16_text), (4 bytes).
    Removing delay.o(.revsh_text), (4 bytes).
    Removing adc.o(.rev16_text), (4 bytes).
    Removing adc.o(.revsh_text), (4 bytes).
    Removing converter.o(.rev16_text), (4 bytes).
    Removing converter.o(.revsh_text), (4 bytes).
    Removing iwdg.o(.rev16_text), (4 bytes).
    Removing iwdg.o(.revsh_text), (4 bytes).
    Removing iwdg.o(.text), (40 bytes).
    Removing eeprom_emulation.o(.rev16_text), (4 bytes).
    Removing eeprom_emulation.o(.revsh_text), (4 bytes).

62 unused section(s) (total 470 bytes) removed from the image.

==============================================================================

Image Symbol Table

    Local Symbols

    Symbol Name                              Value     Ov Type        Size  Object(Section)

    ../clib/angel/boardlib.s                 0x00000000   Number         0  boardinit3.o ABSOLUTE
    ../clib/angel/boardlib.s                 0x00000000   Number         0  boardshut.o ABSOLUTE
    ../clib/angel/boardlib.s                 0x00000000   Number         0  boardinit2.o ABSOLUTE
    ../clib/angel/boardlib.s                 0x00000000   Number         0  boardinit1.o ABSOLUTE
    ../clib/angel/handlers.s                 0x00000000   Number         0  __scatter_copy.o ABSOLUTE
    ../clib/angel/handlers.s                 0x00000000   Number         0  __scatter_zi.o ABSOLUTE
    ../clib/angel/kernel.s                   0x00000000   Number         0  rtexit.o ABSOLUTE
    ../clib/angel/kernel.s                   0x00000000   Number         0  rtentry2.o ABSOLUTE
    ../clib/angel/kernel.s                   0x00000000   Number         0  rtentry4.o ABSOLUTE
    ../clib/angel/kernel.s                   0x00000000   Number         0  rtentry.o ABSOLUTE
    ../clib/angel/kernel.s                   0x00000000   Number         0  rtexit2.o ABSOLUTE
    ../clib/angel/rt.s                       0x00000000   Number         0  rt_raise.o ABSOLUTE
    ../clib/angel/rt.s                       0x00000000   Number         0  rt_div0.o ABSOLUTE
    ../clib/angel/rt.s                       0x00000000   Number         0  aeabi_idiv0_sigfpe.o ABSOLUTE
    ../clib/angel/rt.s                       0x00000000   Number         0  aeabi_idiv0.o ABSOLUTE
    ../clib/angel/scatterp.s                 0x00000000   Number         0  __scatter.o ABSOLUTE
    ../clib/angel/startup.s                  0x00000000   Number         0  __main.o ABSOLUTE
    ../clib/angel/sys.s                      0x00000000   Number         0  tempstk.o ABSOLUTE
    ../clib/angel/sys.s                      0x00000000   Number         0  libspace.o ABSOLUTE
    ../clib/angel/sys.s                      0x00000000   Number         0  use_no_semi.o ABSOLUTE
    ../clib/angel/sys.s                      0x00000000   Number         0  indicate_semi.o ABSOLUTE
    ../clib/angel/sys.s                      0x00000000   Number         0  sys_stackheap_outer.o ABSOLUTE
    ../clib/angel/sysapp.c                   0x00000000   Number         0  sys_wrch.o ABSOLUTE
    ../clib/angel/sysapp.c                   0x00000000   Number         0  sys_command.o ABSOLUTE
    ../clib/angel/sysapp.c                   0x00000000   Number         0  sys_exit.o ABSOLUTE
    ../clib/armsys.c                         0x00000000   Number         0  argv_veneer.o ABSOLUTE
    ../clib/armsys.c                         0x00000000   Number         0  _get_argv_nomalloc.o ABSOLUTE
    ../clib/armsys.c                         0x00000000   Number         0  no_argv.o ABSOLUTE
    ../clib/division.s                       0x00000000   Number         0  aeabi_sdiv.o ABSOLUTE
    ../clib/division.s                       0x00000000   Number         0  aeabi_sdiv_div0.o ABSOLUTE
    ../clib/heapalloc.c                      0x00000000   Number         0  hrguard.o ABSOLUTE
    ../clib/heapaux.c                        0x00000000   Number         0  heapauxi.o ABSOLUTE
    ../clib/libinit.s                        0x00000000   Number         0  libinit.o ABSOLUTE
    ../clib/libinit.s                        0x00000000   Number         0  libshutdown2.o ABSOLUTE
    ../clib/libinit.s                        0x00000000   Number         0  libshutdown.o ABSOLUTE
    ../clib/libinit.s                        0x00000000   Number         0  libinit2.o ABSOLUTE
    ../clib/signal.c                         0x00000000   Number         0  defsig_cppl_inner.o ABSOLUTE
    ../clib/signal.c                         0x00000000   Number         0  defsig_stak_inner.o ABSOLUTE
    ../clib/signal.c                         0x00000000   Number         0  defsig_fpe_outer.o ABSOLUTE
    ../clib/signal.c                         0x00000000   Number         0  defsig_rtmem_formal.o ABSOLUTE
    ../clib/signal.c                         0x00000000   Number         0  defsig_rtmem_outer.o ABSOLUTE
    ../clib/signal.c                         0x00000000   Number         0  defsig_general.o ABSOLUTE
    ../clib/signal.c                         0x00000000   Number         0  __raise.o ABSOLUTE
    ../clib/signal.c                         0x00000000   Number         0  defsig_rtmem_inner.o ABSOLUTE
    ../clib/signal.c                         0x00000000   Number         0  defsig_rtred_inner.o ABSOLUTE
    ../clib/signal.c                         0x00000000   Number         0  defsig_fpe_formal.o ABSOLUTE
    ../clib/signal.c                         0x00000000   Number         0  defsig_abrt_inner.o ABSOLUTE
    ../clib/signal.c                         0x00000000   Number         0  defsig_exit.o ABSOLUTE
    ../clib/signal.c                         0x00000000   Number         0  defsig_segv_inner.o ABSOLUTE
    ../clib/signal.c                         0x00000000   Number         0  defsig_pvfn_inner.o ABSOLUTE
    ../clib/signal.c                         0x00000000   Number         0  defsig_other.o ABSOLUTE
    ../clib/signal.c                         0x00000000   Number         0  defsig_fpe_inner.o ABSOLUTE
    ../clib/signal.s                         0x00000000   Number         0  defsig.o ABSOLUTE
    ../clib/stdlib.c                         0x00000000   Number         0  exit.o ABSOLUTE
    ../fplib/cfplib/fpinit.c                 0x00000000   Number         0  fpinit.o ABSOLUTE
    ..\\drive\\PWM.c                         0x00000000   Number         0  pwm.o ABSOLUTE
    ..\\drive\\adc.c                         0x00000000   Number         0  adc.o ABSOLUTE
    ..\\drive\\converter.c                   0x00000000   Number         0  converter.o ABSOLUTE
    ..\\drive\\dac.c                         0x00000000   Number         0  dac.o ABSOLUTE
    ..\\drive\\delay.c                       0x00000000   Number         0  delay.o ABSOLUTE
    ..\\drive\\dir.c                         0x00000000   Number         0  dir.o ABSOLUTE
    ..\\drive\\eeprom_emulation.c            0x00000000   Number         0  eeprom_emulation.o ABSOLUTE
    ..\\drive\\enable.c                      0x00000000   Number         0  enable.o ABSOLUTE
    ..\\drive\\fault.c                       0x00000000   Number         0  fault.o ABSOLUTE
    ..\\drive\\iwdg.c                        0x00000000   Number         0  iwdg.o ABSOLUTE
    ..\\drive\\protocol.c                    0x00000000   Number         0  protocol.o ABSOLUTE
    ..\\drive\\rdctrl.c                      0x00000000   Number         0  rdctrl.o ABSOLUTE
    ..\\drive\\state.c                       0x00000000   Number         0  state.o ABSOLUTE
    ..\\drive\\uart.c                        0x00000000   Number         0  uart.o ABSOLUTE
    ..\\inc\\system_stm32f0xx.c              0x00000000   Number         0  system_stm32f0xx.o ABSOLUTE
    ..\\lib\\stm32f0xx_adc.c                 0x00000000   Number         0  stm32f0xx_adc.o ABSOLUTE
    ..\\lib\\stm32f0xx_dac.c                 0x00000000   Number         0  stm32f0xx_dac.o ABSOLUTE
    ..\\lib\\stm32f0xx_dma.c                 0x00000000   Number         0  stm32f0xx_dma.o ABSOLUTE
    ..\\lib\\stm32f0xx_exti.c                0x00000000   Number         0  stm32f0xx_exti.o ABSOLUTE
    ..\\lib\\stm32f0xx_flash.c               0x00000000   Number         0  stm32f0xx_flash.o ABSOLUTE
    ..\\lib\\stm32f0xx_gpio.c                0x00000000   Number         0  stm32f0xx_gpio.o ABSOLUTE
    ..\\lib\\stm32f0xx_it.c                  0x00000000   Number         0  stm32f0xx_it.o ABSOLUTE
    ..\\lib\\stm32f0xx_iwdg.c                0x00000000   Number         0  stm32f0xx_iwdg.o ABSOLUTE
    ..\\lib\\stm32f0xx_misc.c                0x00000000   Number         0  stm32f0xx_misc.o ABSOLUTE
    ..\\lib\\stm32f0xx_rcc.c                 0x00000000   Number         0  stm32f0xx_rcc.o ABSOLUTE
    ..\\lib\\stm32f0xx_syscfg.c              0x00000000   Number         0  stm32f0xx_syscfg.o ABSOLUTE
    ..\\lib\\stm32f0xx_tim.c                 0x00000000   Number         0  stm32f0xx_tim.o ABSOLUTE
    ..\\lib\\stm32f0xx_usart.c               0x00000000   Number         0  stm32f0xx_usart.o ABSOLUTE
    ..\drive\PWM.c                           0x00000000   Number         0  pwm.o ABSOLUTE
    ..\drive\adc.c                           0x00000000   Number         0  adc.o ABSOLUTE
    ..\drive\converter.c                     0x00000000   Number         0  converter.o ABSOLUTE
    ..\drive\dac.c                           0x00000000   Number         0  dac.o ABSOLUTE
    ..\drive\delay.c                         0x00000000   Number         0  delay.o ABSOLUTE
    ..\drive\dir.c                           0x00000000   Number         0  dir.o ABSOLUTE
    ..\drive\eeprom_emulation.c              0x00000000   Number         0  eeprom_emulation.o ABSOLUTE
    ..\drive\enable.c                        0x00000000   Number         0  enable.o ABSOLUTE
    ..\drive\fault.c                         0x00000000   Number         0  fault.o ABSOLUTE
    ..\drive\iwdg.c                          0x00000000   Number         0  iwdg.o ABSOLUTE
    ..\drive\protocol.c                      0x00000000   Number         0  protocol.o ABSOLUTE
    ..\drive\rdctrl.c                        0x00000000   Number         0  rdctrl.o ABSOLUTE
    ..\drive\state.c                         0x00000000   Number         0  state.o ABSOLUTE
    ..\drive\uart.c                          0x00000000   Number         0  uart.o ABSOLUTE
    ..\inc\system_stm32f0xx.c                0x00000000   Number         0  system_stm32f0xx.o ABSOLUTE
    ..\lib\stm32f0xx_adc.c                   0x00000000   Number         0  stm32f0xx_adc.o ABSOLUTE
    ..\lib\stm32f0xx_dac.c                   0x00000000   Number         0  stm32f0xx_dac.o ABSOLUTE
    ..\lib\stm32f0xx_dma.c                   0x00000000   Number         0  stm32f0xx_dma.o ABSOLUTE
    ..\lib\stm32f0xx_exti.c                  0x00000000   Number         0  stm32f0xx_exti.o ABSOLUTE
    ..\lib\stm32f0xx_flash.c                 0x00000000   Number         0  stm32f0xx_flash.o ABSOLUTE
    ..\lib\stm32f0xx_gpio.c                  0x00000000   Number         0  stm32f0xx_gpio.o ABSOLUTE
    ..\lib\stm32f0xx_it.c                    0x00000000   Number         0  stm32f0xx_it.o ABSOLUTE
    ..\lib\stm32f0xx_iwdg.c                  0x00000000   Number         0  stm32f0xx_iwdg.o ABSOLUTE
    ..\lib\stm32f0xx_misc.c                  0x00000000   Number         0  stm32f0xx_misc.o ABSOLUTE
    ..\lib\stm32f0xx_rcc.c                   0x00000000   Number         0  stm32f0xx_rcc.o ABSOLUTE
    ..\lib\stm32f0xx_syscfg.c                0x00000000   Number         0  stm32f0xx_syscfg.o ABSOLUTE
    ..\lib\stm32f0xx_tim.c                   0x00000000   Number         0  stm32f0xx_tim.o ABSOLUTE
    ..\lib\stm32f0xx_usart.c                 0x00000000   Number         0  stm32f0xx_usart.o ABSOLUTE
    dc.s                                     0x00000000   Number         0  dc.o ABSOLUTE
    main.c                                   0x00000000   Number         0  main.o ABSOLUTE
    main.c                                   0x00000000   Number         0  main.o ABSOLUTE
    startup_stm32f0xx.s                      0x00000000   Number         0  startup_stm32f0xx.o ABSOLUTE
    RESET                                    0x08000000   Section      192  startup_stm32f0xx.o(RESET)
    !!!main                                  0x080000c0   Section        8  __main.o(!!!main)
    !!!scatter                               0x080000c8   Section       60  __scatter.o(!!!scatter)
    !!handler_copy                           0x08000104   Section       26  __scatter_copy.o(!!handler_copy)
    !!handler_zi                             0x08000120   Section       28  __scatter_zi.o(!!handler_zi)
    .ARM.Collect$$libinit$$00000000          0x0800013c   Section        2  libinit.o(.ARM.Collect$$libinit$$00000000)
    .ARM.Collect$$libinit$$00000001          0x0800013e   Section        4  libinit2.o(.ARM.Collect$$libinit$$00000001)
    .ARM.Collect$$libinit$$00000008          0x08000142   Section        0  libinit2.o(.ARM.Collect$$libinit$$00000008)
    .ARM.Collect$$libinit$$0000000A          0x08000142   Section        0  libinit2.o(.ARM.Collect$$libinit$$0000000A)
    .ARM.Collect$$libinit$$0000000C          0x08000142   Section        0  libinit2.o(.ARM.Collect$$libinit$$0000000C)
    .ARM.Collect$$libinit$$0000000F          0x08000142   Section        0  libinit2.o(.ARM.Collect$$libinit$$0000000F)
    .ARM.Collect$$libinit$$00000011          0x08000142   Section        0  libinit2.o(.ARM.Collect$$libinit$$00000011)
    .ARM.Collect$$libinit$$00000013          0x08000142   Section        0  libinit2.o(.ARM.Collect$$libinit$$00000013)
    .ARM.Collect$$libinit$$00000015          0x08000142   Section        0  libinit2.o(.ARM.Collect$$libinit$$00000015)
    .ARM.Collect$$libinit$$00000017          0x08000142   Section        0  libinit2.o(.ARM.Collect$$libinit$$00000017)
    .ARM.Collect$$libinit$$00000019          0x08000142   Section        0  libinit2.o(.ARM.Collect$$libinit$$00000019)
    .ARM.Collect$$libinit$$0000001B          0x08000142   Section        0  libinit2.o(.ARM.Collect$$libinit$$0000001B)
    .ARM.Collect$$libinit$$0000001D          0x08000142   Section        0  libinit2.o(.ARM.Collect$$libinit$$0000001D)
    .ARM.Collect$$libinit$$0000001F          0x08000142   Section        0  libinit2.o(.ARM.Collect$$libinit$$0000001F)
    .ARM.Collect$$libinit$$00000021          0x08000142   Section        0  libinit2.o(.ARM.Collect$$libinit$$00000021)
    .ARM.Collect$$libinit$$00000023          0x08000142   Section        0  libinit2.o(.ARM.Collect$$libinit$$00000023)
    .ARM.Collect$$libinit$$0000002A          0x08000142   Section        0  libinit2.o(.ARM.Collect$$libinit$$0000002A)
    .ARM.Collect$$libinit$$0000002C          0x08000142   Section        0  libinit2.o(.ARM.Collect$$libinit$$0000002C)
    .ARM.Collect$$libinit$$0000002E          0x08000142   Section        0  libinit2.o(.ARM.Collect$$libinit$$0000002E)
    .ARM.Collect$$libinit$$00000030          0x08000142   Section        0  libinit2.o(.ARM.Collect$$libinit$$00000030)
    .ARM.Collect$$libinit$$00000031          0x08000142   Section        2  libinit2.o(.ARM.Collect$$libinit$$00000031)
    .ARM.Collect$$libshutdown$$00000000      0x08000144   Section        2  libshutdown.o(.ARM.Collect$$libshutdown$$00000000)
    .ARM.Collect$$libshutdown$$00000003      0x08000146   Section        0  libshutdown2.o(.ARM.Collect$$libshutdown$$00000003)
    .ARM.Collect$$libshutdown$$00000006      0x08000146   Section        0  libshutdown2.o(.ARM.Collect$$libshutdown$$00000006)
    .ARM.Collect$$libshutdown$$00000009      0x08000146   Section        0  libshutdown2.o(.ARM.Collect$$libshutdown$$00000009)
    .ARM.Collect$$libshutdown$$0000000B      0x08000146   Section        0  libshutdown2.o(.ARM.Collect$$libshutdown$$0000000B)
    .ARM.Collect$$libshutdown$$0000000E      0x08000146   Section        0  libshutdown2.o(.ARM.Collect$$libshutdown$$0000000E)
    .ARM.Collect$$libshutdown$$0000000F      0x08000146   Section        2  libshutdown2.o(.ARM.Collect$$libshutdown$$0000000F)
    .ARM.Collect$$rtentry$$00000000          0x08000148   Section        0  rtentry.o(.ARM.Collect$$rtentry$$00000000)
    .ARM.Collect$$rtentry$$00000002          0x08000148   Section        0  rtentry2.o(.ARM.Collect$$rtentry$$00000002)
    .ARM.Collect$$rtentry$$00000004          0x08000148   Section        6  rtentry4.o(.ARM.Collect$$rtentry$$00000004)
    .ARM.Collect$$rtentry$$00000009          0x0800014e   Section        0  rtentry2.o(.ARM.Collect$$rtentry$$00000009)
    .ARM.Collect$$rtentry$$0000000A          0x0800014e   Section        4  rtentry2.o(.ARM.Collect$$rtentry$$0000000A)
    .ARM.Collect$$rtentry$$0000000C          0x08000152   Section        0  rtentry2.o(.ARM.Collect$$rtentry$$0000000C)
    .ARM.Collect$$rtentry$$0000000D          0x08000152   Section        8  rtentry2.o(.ARM.Collect$$rtentry$$0000000D)
    .ARM.Collect$$rtexit$$00000000           0x0800015a   Section        2  rtexit.o(.ARM.Collect$$rtexit$$00000000)
    .ARM.Collect$$rtexit$$00000002           0x0800015c   Section        0  rtexit2.o(.ARM.Collect$$rtexit$$00000002)
    .ARM.Collect$$rtexit$$00000003           0x0800015c   Section        4  rtexit2.o(.ARM.Collect$$rtexit$$00000003)
    .ARM.Collect$$rtexit$$00000004           0x08000160   Section        6  rtexit2.o(.ARM.Collect$$rtexit$$00000004)
    .text                                    0x08000168   Section       56  startup_stm32f0xx.o(.text)
    .text                                    0x080001a0   Section        0  system_stm32f0xx.o(.text)
    SetSysClock                              0x080001a1   Thumb Code   200  system_stm32f0xx.o(.text)
    .text                                    0x08000390   Section        0  main.o(.text)
    .text                                    0x08000428   Section        0  stm32f0xx_gpio.o(.text)
    .text                                    0x08000608   Section        0  stm32f0xx_rcc.o(.text)
    .text                                    0x08000bf4   Section        0  stm32f0xx_usart.o(.text)
    .text                                    0x08001164   Section        0  stm32f0xx_misc.o(.text)
    .text                                    0x08001218   Section        0  stm32f0xx_it.o(.text)
    .text                                    0x080012d4   Section        0  stm32f0xx_dac.o(.text)
    .text                                    0x08001434   Section        0  stm32f0xx_dma.o(.text)
    .text                                    0x080015a0   Section        0  stm32f0xx_tim.o(.text)
    TI4_Config                               0x08001ce1   Thumb Code    66  stm32f0xx_tim.o(.text)
    TI3_Config                               0x08001d35   Thumb Code    66  stm32f0xx_tim.o(.text)
    TI2_Config                               0x08001d8b   Thumb Code   118  stm32f0xx_tim.o(.text)
    TI1_Config                               0x08001e11   Thumb Code    54  stm32f0xx_tim.o(.text)
    .text                                    0x0800216c   Section        0  stm32f0xx_adc.o(.text)
    .text                                    0x0800244c   Section        0  stm32f0xx_syscfg.o(.text)
    .text                                    0x0800253c   Section        0  stm32f0xx_exti.o(.text)
    .text                                    0x08002640   Section        0  stm32f0xx_flash.o(.text)
    .text                                    0x08002c10   Section        0  uart.o(.text)
    .text                                    0x08002d30   Section        0  enable.o(.text)
    .text                                    0x08002f68   Section        0  dac.o(.text)
    .text                                    0x080031ac   Section        0  state.o(.text)
    .text                                    0x080032dc   Section        0  fault.o(.text)
    .text                                    0x0800334c   Section        0  dir.o(.text)
    .text                                    0x080033a4   Section        0  protocol.o(.text)
    .text                                    0x08003804   Section        0  delay.o(.text)
    .text                                    0x08003838   Section        0  adc.o(.text)
    .text                                    0x08003998   Section        0  converter.o(.text)
    .text                                    0x08003a08   Section        0  eeprom_emulation.o(.text)
    .text                                    0x08003a2e   Section      346  aeabi_sdiv.o(.text)
    .text                                    0x08003b88   Section        0  heapauxi.o(.text)
    .text                                    0x08003b8e   Section       62  sys_stackheap_outer.o(.text)
    .text                                    0x08003bcc   Section        0  exit.o(.text)
    .text                                    0x08003bd8   Section        8  libspace.o(.text)
    .text                                    0x08003be0   Section        0  sys_exit.o(.text)
    .text                                    0x08003bec   Section        2  use_no_semi.o(.text)
    .constdata                               0x08003bee   Section      822  dac.o(.constdata)
    .text                                    0x08003bee   Section        0  indicate_semi.o(.text)
    .data                                    0x20000000   Section       20  system_stm32f0xx.o(.data)
    .data                                    0x20000014   Section       16  stm32f0xx_rcc.o(.data)
    APBAHBPrescTable                         0x20000014   Data          16  stm32f0xx_rcc.o(.data)
    .data                                    0x20000024   Section       24  stm32f0xx_it.o(.data)
    .data                                    0x2000003c   Section        1  enable.o(.data)
    .data                                    0x20000040   Section       12  dac.o(.data)
    .data                                    0x2000004c   Section        8  protocol.o(.data)
    .data                                    0x20000054   Section        8  eeprom_emulation.o(.data)
    .bss                                     0x2000005c   Section       44  stm32f0xx_it.o(.bss)
    .bss                                     0x20000088   Section       56  dac.o(.bss)
    .bss                                     0x200000c0   Section       19  protocol.o(.bss)
    .bss                                     0x200000d4   Section       12  adc.o(.bss)
    .bss                                     0x200000e0   Section       96  libspace.o(.bss)
    HEAP                                     0x20000140   Section      512  startup_stm32f0xx.o(HEAP)
    Heap_Mem                                 0x20000140   Data         512  startup_stm32f0xx.o(HEAP)
    STACK                                    0x20000340   Section     1024  startup_stm32f0xx.o(STACK)
    Stack_Mem                                0x20000340   Data        1024  startup_stm32f0xx.o(STACK)
    __initial_sp                             0x20000740   Data           0  startup_stm32f0xx.o(STACK)

    Global Symbols

    Symbol Name                              Value     Ov Type        Size  Object(Section)

    BuildAttributes$$THM_ISAv3M$S$PE$A:L22$X:L11$S22$IEEE1$IW$USESV6$~STKCKD$USESV7$~SHL$OSPACE$ROPI$EBA8$UX$STANDARDLIB$REQ8$PRES8$EABIv2 0x00000000   Number         0  anon$$obj.o ABSOLUTE
    __ARM_use_no_argv                        0x00000000   Number         0  main.o ABSOLUTE
    __ARM_exceptions_init                     - Undefined Weak Reference
    __alloca_initialize                       - Undefined Weak Reference
    __cpp_initialize__aeabi_                  - Undefined Weak Reference
    __cxa_finalize                            - Undefined Weak Reference
    __rt_locale                               - Undefined Weak Reference
    __sigvec_lookup                           - Undefined Weak Reference
    _atexit_init                              - Undefined Weak Reference
    _call_atexit_fns                          - Undefined Weak Reference
    _clock_init                               - Undefined Weak Reference
    _fp_trap_init                             - Undefined Weak Reference
    _fp_trap_shutdown                         - Undefined Weak Reference
    _get_lc_collate                           - Undefined Weak Reference
    _get_lc_ctype                             - Undefined Weak Reference
    _get_lc_monetary                          - Undefined Weak Reference
    _get_lc_numeric                           - Undefined Weak Reference
    _get_lc_time                              - Undefined Weak Reference
    _getenv_init                              - Undefined Weak Reference
    _handle_redirection                       - Undefined Weak Reference
    _init_alloc                               - Undefined Weak Reference
    _init_user_alloc                          - Undefined Weak Reference
    _initio                                   - Undefined Weak Reference
    _rand_init                                - Undefined Weak Reference
    _signal_finish                            - Undefined Weak Reference
    _signal_init                              - Undefined Weak Reference
    _terminate_alloc                          - Undefined Weak Reference
    _terminate_user_alloc                     - Undefined Weak Reference
    _terminateio                              - Undefined Weak Reference
    __Vectors_Size                           0x000000c0   Number         0  startup_stm32f0xx.o ABSOLUTE
    __Vectors                                0x08000000   Data           4  startup_stm32f0xx.o(RESET)
    __Vectors_End                            0x080000c0   Data           0  startup_stm32f0xx.o(RESET)
    __main                                   0x080000c1   Thumb Code     8  __main.o(!!!main)
    __scatterload                            0x080000c9   Thumb Code     0  __scatter.o(!!!scatter)
    __scatterload_rt2                        0x080000c9   Thumb Code    52  __scatter.o(!!!scatter)
    __scatterload_rt2_thumb_only             0x080000c9   Thumb Code     0  __scatter.o(!!!scatter)
    __scatterload_null                       0x080000d9   Thumb Code     0  __scatter.o(!!!scatter)
    __scatterload_copy                       0x08000105   Thumb Code    26  __scatter_copy.o(!!handler_copy)
    __scatterload_zeroinit                   0x08000121   Thumb Code    28  __scatter_zi.o(!!handler_zi)
    __rt_lib_init                            0x0800013d   Thumb Code     0  libinit.o(.ARM.Collect$$libinit$$00000000)
    __rt_lib_init_fp_1                       0x0800013f   Thumb Code     0  libinit2.o(.ARM.Collect$$libinit$$00000001)
    __rt_lib_init_alloca_1                   0x08000143   Thumb Code     0  libinit2.o(.ARM.Collect$$libinit$$0000002C)
    __rt_lib_init_argv_1                     0x08000143   Thumb Code     0  libinit2.o(.ARM.Collect$$libinit$$0000002A)
    __rt_lib_init_atexit_1                   0x08000143   Thumb Code     0  libinit2.o(.ARM.Collect$$libinit$$00000019)
    __rt_lib_init_clock_1                    0x08000143   Thumb Code     0  libinit2.o(.ARM.Collect$$libinit$$0000001F)
    __rt_lib_init_cpp_1                      0x08000143   Thumb Code     0  libinit2.o(.ARM.Collect$$libinit$$00000030)
    __rt_lib_init_exceptions_1               0x08000143   Thumb Code     0  libinit2.o(.ARM.Collect$$libinit$$0000002E)
    __rt_lib_init_fp_trap_1                  0x08000143   Thumb Code     0  libinit2.o(.ARM.Collect$$libinit$$0000001D)
    __rt_lib_init_getenv_1                   0x08000143   Thumb Code     0  libinit2.o(.ARM.Collect$$libinit$$00000021)
    __rt_lib_init_heap_1                     0x08000143   Thumb Code     0  libinit2.o(.ARM.Collect$$libinit$$00000008)
    __rt_lib_init_lc_collate_1               0x08000143   Thumb Code     0  libinit2.o(.ARM.Collect$$libinit$$0000000F)
    __rt_lib_init_lc_ctype_1                 0x08000143   Thumb Code     0  libinit2.o(.ARM.Collect$$libinit$$00000011)
    __rt_lib_init_lc_monetary_1              0x08000143   Thumb Code     0  libinit2.o(.ARM.Collect$$libinit$$00000013)
    __rt_lib_init_lc_numeric_1               0x08000143   Thumb Code     0  libinit2.o(.ARM.Collect$$libinit$$00000015)
    __rt_lib_init_lc_time_1                  0x08000143   Thumb Code     0  libinit2.o(.ARM.Collect$$libinit$$00000017)
    __rt_lib_init_rand_1                     0x08000143   Thumb Code     0  libinit2.o(.ARM.Collect$$libinit$$0000000C)
    __rt_lib_init_return                     0x08000143   Thumb Code     0  libinit2.o(.ARM.Collect$$libinit$$00000031)
    __rt_lib_init_signal_1                   0x08000143   Thumb Code     0  libinit2.o(.ARM.Collect$$libinit$$0000001B)
    __rt_lib_init_stdio_1                    0x08000143   Thumb Code     0  libinit2.o(.ARM.Collect$$libinit$$00000023)
    __rt_lib_init_user_alloc_1               0x08000143   Thumb Code     0  libinit2.o(.ARM.Collect$$libinit$$0000000A)
    __rt_lib_shutdown                        0x08000145   Thumb Code     0  libshutdown.o(.ARM.Collect$$libshutdown$$00000000)
    __rt_lib_shutdown_fp_trap_1              0x08000147   Thumb Code     0  libshutdown2.o(.ARM.Collect$$libshutdown$$00000006)
    __rt_lib_shutdown_heap_1                 0x08000147   Thumb Code     0  libshutdown2.o(.ARM.Collect$$libshutdown$$0000000E)
    __rt_lib_shutdown_return                 0x08000147   Thumb Code     0  libshutdown2.o(.ARM.Collect$$libshutdown$$0000000F)
    __rt_lib_shutdown_signal_1               0x08000147   Thumb Code     0  libshutdown2.o(.ARM.Collect$$libshutdown$$00000009)
    __rt_lib_shutdown_stdio_1                0x08000147   Thumb Code     0  libshutdown2.o(.ARM.Collect$$libshutdown$$00000003)
    __rt_lib_shutdown_user_alloc_1           0x08000147   Thumb Code     0  libshutdown2.o(.ARM.Collect$$libshutdown$$0000000B)
    __rt_entry                               0x08000149   Thumb Code     0  rtentry.o(.ARM.Collect$$rtentry$$00000000)
    __rt_entry_presh_1                       0x08000149   Thumb Code     0  rtentry2.o(.ARM.Collect$$rtentry$$00000002)
    __rt_entry_sh                            0x08000149   Thumb Code     0  rtentry4.o(.ARM.Collect$$rtentry$$00000004)
    __rt_entry_li                            0x0800014f   Thumb Code     0  rtentry2.o(.ARM.Collect$$rtentry$$0000000A)
    __rt_entry_postsh_1                      0x0800014f   Thumb Code     0  rtentry2.o(.ARM.Collect$$rtentry$$00000009)
    __rt_entry_main                          0x08000153   Thumb Code     0  rtentry2.o(.ARM.Collect$$rtentry$$0000000D)
    __rt_entry_postli_1                      0x08000153   Thumb Code     0  rtentry2.o(.ARM.Collect$$rtentry$$0000000C)
    __rt_exit                                0x0800015b   Thumb Code     0  rtexit.o(.ARM.Collect$$rtexit$$00000000)
    __rt_exit_ls                             0x0800015d   Thumb Code     0  rtexit2.o(.ARM.Collect$$rtexit$$00000003)
    __rt_exit_prels_1                        0x0800015d   Thumb Code     0  rtexit2.o(.ARM.Collect$$rtexit$$00000002)
    __rt_exit_exit                           0x08000161   Thumb Code     0  rtexit2.o(.ARM.Collect$$rtexit$$00000004)
    Reset_Handler                            0x08000169   Thumb Code     8  startup_stm32f0xx.o(.text)
    ADC1_COMP_IRQHandler                     0x0800017b   Thumb Code     0  startup_stm32f0xx.o(.text)
    CEC_IRQHandler                           0x0800017b   Thumb Code     0  startup_stm32f0xx.o(.text)
    DMA1_Channel1_IRQHandler                 0x0800017b   Thumb Code     0  startup_stm32f0xx.o(.text)
    DMA1_Channel2_3_IRQHandler               0x0800017b   Thumb Code     0  startup_stm32f0xx.o(.text)
    DMA1_Channel4_5_IRQHandler               0x0800017b   Thumb Code     0  startup_stm32f0xx.o(.text)
    EXTI0_1_IRQHandler                       0x0800017b   Thumb Code     0  startup_stm32f0xx.o(.text)
    EXTI2_3_IRQHandler                       0x0800017b   Thumb Code     0  startup_stm32f0xx.o(.text)
    FLASH_IRQHandler                         0x0800017b   Thumb Code     0  startup_stm32f0xx.o(.text)
    I2C1_IRQHandler                          0x0800017b   Thumb Code     0  startup_stm32f0xx.o(.text)
    I2C2_IRQHandler                          0x0800017b   Thumb Code     0  startup_stm32f0xx.o(.text)
    PVD_IRQHandler                           0x0800017b   Thumb Code     0  startup_stm32f0xx.o(.text)
    RCC_IRQHandler                           0x0800017b   Thumb Code     0  startup_stm32f0xx.o(.text)
    RTC_IRQHandler                           0x0800017b   Thumb Code     0  startup_stm32f0xx.o(.text)
    SPI1_IRQHandler                          0x0800017b   Thumb Code     0  startup_stm32f0xx.o(.text)
    SPI2_IRQHandler                          0x0800017b   Thumb Code     0  startup_stm32f0xx.o(.text)
    TIM14_IRQHandler                         0x0800017b   Thumb Code     0  startup_stm32f0xx.o(.text)
    TIM15_IRQHandler                         0x0800017b   Thumb Code     0  startup_stm32f0xx.o(.text)
    TIM16_IRQHandler                         0x0800017b   Thumb Code     0  startup_stm32f0xx.o(.text)
    TIM17_IRQHandler                         0x0800017b   Thumb Code     0  startup_stm32f0xx.o(.text)
    TIM1_BRK_UP_TRG_COM_IRQHandler           0x0800017b   Thumb Code     0  startup_stm32f0xx.o(.text)
    TIM1_CC_IRQHandler                       0x0800017b   Thumb Code     0  startup_stm32f0xx.o(.text)
    TIM2_IRQHandler                          0x0800017b   Thumb Code     0  startup_stm32f0xx.o(.text)
    TIM3_IRQHandler                          0x0800017b   Thumb Code     0  startup_stm32f0xx.o(.text)
    TIM6_DAC_IRQHandler                      0x0800017b   Thumb Code     0  startup_stm32f0xx.o(.text)
    TS_IRQHandler                            0x0800017b   Thumb Code     0  startup_stm32f0xx.o(.text)
    USART2_IRQHandler                        0x0800017b   Thumb Code     0  startup_stm32f0xx.o(.text)
    WWDG_IRQHandler                          0x0800017b   Thumb Code     0  startup_stm32f0xx.o(.text)
    __user_initial_stackheap                 0x0800017d   Thumb Code     0  startup_stm32f0xx.o(.text)
    SystemInit                               0x08000269   Thumb Code   110  system_stm32f0xx.o(.text)
    SystemCoreClockUpdate                    0x080002d7   Thumb Code   154  system_stm32f0xx.o(.text)
    main                                     0x08000391   Thumb Code   148  main.o(.text)
    GPIO_DeInit                              0x08000429   Thumb Code   132  stm32f0xx_gpio.o(.text)
    GPIO_Init                                0x080004ad   Thumb Code   144  stm32f0xx_gpio.o(.text)
    GPIO_StructInit                          0x0800053d   Thumb Code    20  stm32f0xx_gpio.o(.text)
    GPIO_PinLockConfig                       0x08000551   Thumb Code    22  stm32f0xx_gpio.o(.text)
    GPIO_ReadInputDataBit                    0x08000567   Thumb Code    18  stm32f0xx_gpio.o(.text)
    GPIO_ReadInputData                       0x08000579   Thumb Code     6  stm32f0xx_gpio.o(.text)
    GPIO_ReadOutputDataBit                   0x0800057f   Thumb Code    18  stm32f0xx_gpio.o(.text)
    GPIO_ReadOutputData                      0x08000591   Thumb Code     6  stm32f0xx_gpio.o(.text)
    GPIO_SetBits                             0x08000597   Thumb Code     4  stm32f0xx_gpio.o(.text)
    GPIO_ResetBits                           0x0800059b   Thumb Code     4  stm32f0xx_gpio.o(.text)
    GPIO_WriteBit                            0x0800059f   Thumb Code    12  stm32f0xx_gpio.o(.text)
    GPIO_Write                               0x080005ab   Thumb Code     4  stm32f0xx_gpio.o(.text)
    GPIO_PinAFConfig                         0x080005af   Thumb Code    68  stm32f0xx_gpio.o(.text)
    RCC_DeInit                               0x08000609   Thumb Code   104  stm32f0xx_rcc.o(.text)
    RCC_HSEConfig                            0x08000671   Thumb Code    12  stm32f0xx_rcc.o(.text)
    RCC_GetFlagStatus                        0x0800067d   Thumb Code    66  stm32f0xx_rcc.o(.text)
    RCC_WaitForHSEStartUp                    0x080006bf   Thumb Code    52  stm32f0xx_rcc.o(.text)
    RCC_AdjustHSICalibrationValue            0x080006f3   Thumb Code    26  stm32f0xx_rcc.o(.text)
    RCC_HSICmd                               0x0800070d   Thumb Code    32  stm32f0xx_rcc.o(.text)
    RCC_AdjustHSI14CalibrationValue          0x0800072d   Thumb Code    26  stm32f0xx_rcc.o(.text)
    RCC_HSI14Cmd                             0x08000747   Thumb Code    32  stm32f0xx_rcc.o(.text)
    RCC_HSI14ADCRequestCmd                   0x08000767   Thumb Code    32  stm32f0xx_rcc.o(.text)
    RCC_LSEConfig                            0x08000787   Thumb Code    34  stm32f0xx_rcc.o(.text)
    RCC_LSEDriveConfig                       0x080007a9   Thumb Code    22  stm32f0xx_rcc.o(.text)
    RCC_LSICmd                               0x080007bf   Thumb Code    32  stm32f0xx_rcc.o(.text)
    RCC_PLLConfig                            0x080007df   Thumb Code    30  stm32f0xx_rcc.o(.text)
    RCC_PLLCmd                               0x080007fd   Thumb Code    36  stm32f0xx_rcc.o(.text)
    RCC_PREDIV1Config                        0x08000821   Thumb Code    24  stm32f0xx_rcc.o(.text)
    RCC_ClockSecuritySystemCmd               0x08000839   Thumb Code    36  stm32f0xx_rcc.o(.text)
    RCC_MCOConfig                            0x0800085d   Thumb Code     6  stm32f0xx_rcc.o(.text)
    RCC_SYSCLKConfig                         0x08000863   Thumb Code    24  stm32f0xx_rcc.o(.text)
    RCC_GetSYSCLKSource                      0x0800087b   Thumb Code    10  stm32f0xx_rcc.o(.text)
    RCC_HCLKConfig                           0x08000885   Thumb Code    28  stm32f0xx_rcc.o(.text)
    RCC_PCLKConfig                           0x080008a1   Thumb Code    30  stm32f0xx_rcc.o(.text)
    RCC_ADCCLKConfig                         0x080008bf   Thumb Code    52  stm32f0xx_rcc.o(.text)
    RCC_CECCLKConfig                         0x080008f3   Thumb Code    22  stm32f0xx_rcc.o(.text)
    RCC_I2CCLKConfig                         0x08000909   Thumb Code    22  stm32f0xx_rcc.o(.text)
    RCC_USARTCLKConfig                       0x0800091f   Thumb Code    22  stm32f0xx_rcc.o(.text)
    RCC_GetClocksFreq                        0x08000935   Thumb Code   368  stm32f0xx_rcc.o(.text)
    RCC_RTCCLKConfig                         0x08000aa5   Thumb Code    12  stm32f0xx_rcc.o(.text)
    RCC_RTCCLKCmd                            0x08000ab1   Thumb Code    36  stm32f0xx_rcc.o(.text)
    RCC_BackupResetCmd                       0x08000ad5   Thumb Code    36  stm32f0xx_rcc.o(.text)
    RCC_AHBPeriphClockCmd                    0x08000af9   Thumb Code    28  stm32f0xx_rcc.o(.text)
    RCC_APB2PeriphClockCmd                   0x08000b15   Thumb Code    28  stm32f0xx_rcc.o(.text)
    RCC_APB1PeriphClockCmd                   0x08000b31   Thumb Code    28  stm32f0xx_rcc.o(.text)
    RCC_AHBPeriphResetCmd                    0x08000b4d   Thumb Code    28  stm32f0xx_rcc.o(.text)
    RCC_APB2PeriphResetCmd                   0x08000b69   Thumb Code    28  stm32f0xx_rcc.o(.text)
    RCC_APB1PeriphResetCmd                   0x08000b85   Thumb Code    28  stm32f0xx_rcc.o(.text)
    RCC_ITConfig                             0x08000ba1   Thumb Code    28  stm32f0xx_rcc.o(.text)
    RCC_ClearFlag                            0x08000bbd   Thumb Code    16  stm32f0xx_rcc.o(.text)
    RCC_GetITStatus                          0x08000bcd   Thumb Code    20  stm32f0xx_rcc.o(.text)
    RCC_ClearITPendingBit                    0x08000be1   Thumb Code     6  stm32f0xx_rcc.o(.text)
    USART_DeInit                             0x08000bf5   Thumb Code    56  stm32f0xx_usart.o(.text)
    USART_Init                               0x08000c2d   Thumb Code   230  stm32f0xx_usart.o(.text)
    USART_StructInit                         0x08000d13   Thumb Code    24  stm32f0xx_usart.o(.text)
    USART_ClockInit                          0x08000d2b   Thumb Code    36  stm32f0xx_usart.o(.text)
    USART_ClockStructInit                    0x08000d4f   Thumb Code    12  stm32f0xx_usart.o(.text)
    USART_Cmd                                0x08000d5b   Thumb Code    24  stm32f0xx_usart.o(.text)
    USART_DirectionModeCmd                   0x08000d73   Thumb Code    20  stm32f0xx_usart.o(.text)
    USART_OverSampling8Cmd                   0x08000d87   Thumb Code    28  stm32f0xx_usart.o(.text)
    USART_OneBitMethodCmd                    0x08000da3   Thumb Code    28  stm32f0xx_usart.o(.text)
    USART_MSBFirstCmd                        0x08000dbf   Thumb Code    28  stm32f0xx_usart.o(.text)
    USART_DataInvCmd                         0x08000ddb   Thumb Code    28  stm32f0xx_usart.o(.text)
    USART_InvPinCmd                          0x08000df7   Thumb Code    20  stm32f0xx_usart.o(.text)
    USART_SWAPPinCmd                         0x08000e0b   Thumb Code    28  stm32f0xx_usart.o(.text)
    USART_ReceiverTimeOutCmd                 0x08000e27   Thumb Code    28  stm32f0xx_usart.o(.text)
    USART_SetReceiverTimeOut                 0x08000e43   Thumb Code    16  stm32f0xx_usart.o(.text)
    USART_SetPrescaler                       0x08000e53   Thumb Code    18  stm32f0xx_usart.o(.text)
    USART_STOPModeCmd                        0x08000e65   Thumb Code    24  stm32f0xx_usart.o(.text)
    USART_StopModeWakeUpSourceConfig         0x08000e7d   Thumb Code    18  stm32f0xx_usart.o(.text)
    USART_AutoBaudRateCmd                    0x08000e8f   Thumb Code    28  stm32f0xx_usart.o(.text)
    USART_AutoBaudRateConfig                 0x08000eab   Thumb Code    18  stm32f0xx_usart.o(.text)
    USART_AutoBaudRateNewRequest             0x08000ebd   Thumb Code    12  stm32f0xx_usart.o(.text)
    USART_SendData                           0x08000ec9   Thumb Code     8  stm32f0xx_usart.o(.text)
    USART_ReceiveData                        0x08000ed1   Thumb Code    10  stm32f0xx_usart.o(.text)
    USART_SetAddress                         0x08000edb   Thumb Code    18  stm32f0xx_usart.o(.text)
    USART_MuteModeCmd                        0x08000eed   Thumb Code    28  stm32f0xx_usart.o(.text)
    USART_MuteModeWakeUpConfig               0x08000f09   Thumb Code    18  stm32f0xx_usart.o(.text)
    USART_AddressDetectionConfig             0x08000f1b   Thumb Code    16  stm32f0xx_usart.o(.text)
    USART_LINBreakDetectLengthConfig         0x08000f2b   Thumb Code    16  stm32f0xx_usart.o(.text)
    USART_LINCmd                             0x08000f3b   Thumb Code    28  stm32f0xx_usart.o(.text)
    USART_HalfDuplexCmd                      0x08000f57   Thumb Code    24  stm32f0xx_usart.o(.text)
    USART_SetGuardTime                       0x08000f6f   Thumb Code    16  stm32f0xx_usart.o(.text)
    USART_SmartCardCmd                       0x08000f7f   Thumb Code    24  stm32f0xx_usart.o(.text)
    USART_SmartCardNACKCmd                   0x08000f97   Thumb Code    24  stm32f0xx_usart.o(.text)
    USART_SetAutoRetryCount                  0x08000faf   Thumb Code    20  stm32f0xx_usart.o(.text)
    USART_SetBlockLength                     0x08000fc3   Thumb Code    30  stm32f0xx_usart.o(.text)
    USART_IrDAConfig                         0x08000fe1   Thumb Code    16  stm32f0xx_usart.o(.text)
    USART_IrDACmd                            0x08000ff1   Thumb Code    24  stm32f0xx_usart.o(.text)
    USART_DECmd                              0x08001009   Thumb Code    28  stm32f0xx_usart.o(.text)
    USART_DEPolarityConfig                   0x08001025   Thumb Code    18  stm32f0xx_usart.o(.text)
    USART_SetDEAssertionTime                 0x08001037   Thumb Code    20  stm32f0xx_usart.o(.text)
    USART_SetDEDeassertionTime               0x0800104b   Thumb Code    20  stm32f0xx_usart.o(.text)
    USART_DMACmd                             0x0800105f   Thumb Code    20  stm32f0xx_usart.o(.text)
    USART_DMAReceptionErrorConfig            0x08001073   Thumb Code    18  stm32f0xx_usart.o(.text)
    USART_ITConfig                           0x08001085   Thumb Code    66  stm32f0xx_usart.o(.text)
    USART_RequestCmd                         0x080010c7   Thumb Code    20  stm32f0xx_usart.o(.text)
    USART_OverrunDetectionConfig             0x080010db   Thumb Code    18  stm32f0xx_usart.o(.text)
    USART_GetFlagStatus                      0x080010ed   Thumb Code    18  stm32f0xx_usart.o(.text)
    USART_ClearFlag                          0x080010ff   Thumb Code     4  stm32f0xx_usart.o(.text)
    USART_GetITStatus                        0x08001103   Thumb Code    78  stm32f0xx_usart.o(.text)
    USART_ClearITPendingBit                  0x08001151   Thumb Code    18  stm32f0xx_usart.o(.text)
    NVIC_Init                                0x08001165   Thumb Code   106  stm32f0xx_misc.o(.text)
    NVIC_SystemLPConfig                      0x080011cf   Thumb Code    28  stm32f0xx_misc.o(.text)
    SysTick_CLKSourceConfig                  0x080011eb   Thumb Code    32  stm32f0xx_misc.o(.text)
    EXTI4_15_IRQHandler                      0x08001219   Thumb Code    86  stm32f0xx_it.o(.text)
    NMI_Handler                              0x0800126f   Thumb Code     2  stm32f0xx_it.o(.text)
    USART1_IRQHandler                        0x08001271   Thumb Code    64  stm32f0xx_it.o(.text)
    HardFault_Handler                        0x080012b1   Thumb Code     4  stm32f0xx_it.o(.text)
    SVC_Handler                              0x080012b5   Thumb Code     2  stm32f0xx_it.o(.text)
    PendSV_Handler                           0x080012b7   Thumb Code     2  stm32f0xx_it.o(.text)
    SysTick_Handler                          0x080012b9   Thumb Code     2  stm32f0xx_it.o(.text)
    DAC_DeInit                               0x080012d5   Thumb Code    22  stm32f0xx_dac.o(.text)
    DAC_Init                                 0x080012eb   Thumb Code    40  stm32f0xx_dac.o(.text)
    DAC_StructInit                           0x08001313   Thumb Code     8  stm32f0xx_dac.o(.text)
    DAC_Cmd                                  0x0800131b   Thumb Code    36  stm32f0xx_dac.o(.text)
    DAC_SoftwareTriggerCmd                   0x0800133f   Thumb Code    42  stm32f0xx_dac.o(.text)
    DAC_SetChannel1Data                      0x08001369   Thumb Code    14  stm32f0xx_dac.o(.text)
    DAC_GetDataOutputValue                   0x08001377   Thumb Code    18  stm32f0xx_dac.o(.text)
    DAC_DMACmd                               0x08001389   Thumb Code    40  stm32f0xx_dac.o(.text)
    DAC_ITConfig                             0x080013b1   Thumb Code    38  stm32f0xx_dac.o(.text)
    DAC_GetFlagStatus                        0x080013d7   Thumb Code    26  stm32f0xx_dac.o(.text)
    DAC_ClearFlag                            0x080013f1   Thumb Code    10  stm32f0xx_dac.o(.text)
    DAC_GetITStatus                          0x080013fb   Thumb Code    44  stm32f0xx_dac.o(.text)
    DAC_ClearITPendingBit                    0x08001427   Thumb Code    10  stm32f0xx_dac.o(.text)
    DMA_DeInit                               0x08001435   Thumb Code   152  stm32f0xx_dma.o(.text)
    DMA_Init                                 0x080014cd   Thumb Code    58  stm32f0xx_dma.o(.text)
    DMA_StructInit                           0x08001507   Thumb Code    26  stm32f0xx_dma.o(.text)
    DMA_Cmd                                  0x08001521   Thumb Code    24  stm32f0xx_dma.o(.text)
    DMA_SetCurrDataCounter                   0x08001539   Thumb Code     4  stm32f0xx_dma.o(.text)
    DMA_GetCurrDataCounter                   0x0800153d   Thumb Code     8  stm32f0xx_dma.o(.text)
    DMA_ITConfig                             0x08001545   Thumb Code    20  stm32f0xx_dma.o(.text)
    DMA_GetFlagStatus                        0x08001559   Thumb Code    22  stm32f0xx_dma.o(.text)
    DMA_ClearFlag                            0x0800156f   Thumb Code     8  stm32f0xx_dma.o(.text)
    DMA_GetITStatus                          0x08001577   Thumb Code    22  stm32f0xx_dma.o(.text)
    DMA_ClearITPendingBit                    0x0800158d   Thumb Code     8  stm32f0xx_dma.o(.text)
    TIM_DeInit                               0x080015a1   Thumb Code   204  stm32f0xx_tim.o(.text)
    TIM_TimeBaseInit                         0x0800166d   Thumb Code    90  stm32f0xx_tim.o(.text)
    TIM_TimeBaseStructInit                   0x080016c7   Thumb Code    18  stm32f0xx_tim.o(.text)
    TIM_PrescalerConfig                      0x080016d9   Thumb Code     6  stm32f0xx_tim.o(.text)
    TIM_CounterModeConfig                    0x080016df   Thumb Code    20  stm32f0xx_tim.o(.text)
    TIM_SetCounter                           0x080016f3   Thumb Code     4  stm32f0xx_tim.o(.text)
    TIM_SetAutoreload                        0x080016f7   Thumb Code     4  stm32f0xx_tim.o(.text)
    TIM_GetCounter                           0x080016fb   Thumb Code     6  stm32f0xx_tim.o(.text)
    TIM_GetPrescaler                         0x08001701   Thumb Code     6  stm32f0xx_tim.o(.text)
    TIM_UpdateDisableConfig                  0x08001707   Thumb Code    26  stm32f0xx_tim.o(.text)
    TIM_UpdateRequestConfig                  0x08001721   Thumb Code    26  stm32f0xx_tim.o(.text)
    TIM_ARRPreloadConfig                     0x0800173b   Thumb Code    26  stm32f0xx_tim.o(.text)
    TIM_SelectOnePulseMode                   0x08001755   Thumb Code    18  stm32f0xx_tim.o(.text)
    TIM_SetClockDivision                     0x08001767   Thumb Code    16  stm32f0xx_tim.o(.text)
    TIM_Cmd                                  0x08001777   Thumb Code    26  stm32f0xx_tim.o(.text)
    TIM_BDTRConfig                           0x08001791   Thumb Code    32  stm32f0xx_tim.o(.text)
    TIM_BDTRStructInit                       0x080017b1   Thumb Code    18  stm32f0xx_tim.o(.text)
    TIM_CtrlPWMOutputs                       0x080017c3   Thumb Code    34  stm32f0xx_tim.o(.text)
    TIM_OC1Init                              0x080017e5   Thumb Code   122  stm32f0xx_tim.o(.text)
    TIM_OC2Init                              0x0800185f   Thumb Code   132  stm32f0xx_tim.o(.text)
    TIM_OC3Init                              0x080018e3   Thumb Code   124  stm32f0xx_tim.o(.text)
    TIM_OC4Init                              0x0800195f   Thumb Code   150  stm32f0xx_tim.o(.text)
    TIM_OCStructInit                         0x080019f5   Thumb Code    20  stm32f0xx_tim.o(.text)
    TIM_SelectOCxM                           0x08001a09   Thumb Code    82  stm32f0xx_tim.o(.text)
    TIM_SetCompare1                          0x08001a5b   Thumb Code     4  stm32f0xx_tim.o(.text)
    TIM_SetCompare2                          0x08001a5f   Thumb Code     4  stm32f0xx_tim.o(.text)
    TIM_SetCompare3                          0x08001a63   Thumb Code     4  stm32f0xx_tim.o(.text)
    TIM_SetCompare4                          0x08001a67   Thumb Code     4  stm32f0xx_tim.o(.text)
    TIM_ForcedOC1Config                      0x08001a6b   Thumb Code    20  stm32f0xx_tim.o(.text)
    TIM_ForcedOC2Config                      0x08001a7f   Thumb Code    20  stm32f0xx_tim.o(.text)
    TIM_ForcedOC3Config                      0x08001a93   Thumb Code    20  stm32f0xx_tim.o(.text)
    TIM_ForcedOC4Config                      0x08001aa7   Thumb Code    20  stm32f0xx_tim.o(.text)
    TIM_CCPreloadControl                     0x08001abb   Thumb Code    26  stm32f0xx_tim.o(.text)
    TIM_OC1PreloadConfig                     0x08001ad5   Thumb Code    22  stm32f0xx_tim.o(.text)
    TIM_OC2PreloadConfig                     0x08001aeb   Thumb Code    20  stm32f0xx_tim.o(.text)
    TIM_OC3PreloadConfig                     0x08001aff   Thumb Code    22  stm32f0xx_tim.o(.text)
    TIM_OC4PreloadConfig                     0x08001b15   Thumb Code    20  stm32f0xx_tim.o(.text)
    TIM_OC1FastConfig                        0x08001b29   Thumb Code    22  stm32f0xx_tim.o(.text)
    TIM_OC2FastConfig                        0x08001b3f   Thumb Code    20  stm32f0xx_tim.o(.text)
    TIM_OC3FastConfig                        0x08001b53   Thumb Code    22  stm32f0xx_tim.o(.text)
    TIM_OC4FastConfig                        0x08001b69   Thumb Code    20  stm32f0xx_tim.o(.text)
    TIM_ClearOC1Ref                          0x08001b7d   Thumb Code    22  stm32f0xx_tim.o(.text)
    TIM_ClearOC2Ref                          0x08001b93   Thumb Code    20  stm32f0xx_tim.o(.text)
    TIM_ClearOC3Ref                          0x08001ba7   Thumb Code    22  stm32f0xx_tim.o(.text)
    TIM_ClearOC4Ref                          0x08001bbd   Thumb Code    20  stm32f0xx_tim.o(.text)
    TIM_OC1PolarityConfig                    0x08001bd1   Thumb Code    22  stm32f0xx_tim.o(.text)
    TIM_OC1NPolarityConfig                   0x08001be7   Thumb Code    22  stm32f0xx_tim.o(.text)
    TIM_OC2PolarityConfig                    0x08001bfd   Thumb Code    22  stm32f0xx_tim.o(.text)
    TIM_OC2NPolarityConfig                   0x08001c13   Thumb Code    22  stm32f0xx_tim.o(.text)
    TIM_OC3PolarityConfig                    0x08001c29   Thumb Code    20  stm32f0xx_tim.o(.text)
    TIM_OC3NPolarityConfig                   0x08001c3d   Thumb Code    20  stm32f0xx_tim.o(.text)
    TIM_OC4PolarityConfig                    0x08001c51   Thumb Code    20  stm32f0xx_tim.o(.text)
    TIM_SelectOCREFClear                     0x08001c65   Thumb Code    18  stm32f0xx_tim.o(.text)
    TIM_CCxCmd                               0x08001c77   Thumb Code    30  stm32f0xx_tim.o(.text)
    TIM_CCxNCmd                              0x08001c95   Thumb Code    30  stm32f0xx_tim.o(.text)
    TIM_SelectCOM                            0x08001cb3   Thumb Code    26  stm32f0xx_tim.o(.text)
    TIM_SetIC4Prescaler                      0x08001ccd   Thumb Code    20  stm32f0xx_tim.o(.text)
    TIM_SetIC3Prescaler                      0x08001d23   Thumb Code    18  stm32f0xx_tim.o(.text)
    TIM_SetIC2Prescaler                      0x08001d77   Thumb Code    20  stm32f0xx_tim.o(.text)
    TIM_SetIC1Prescaler                      0x08001e01   Thumb Code    16  stm32f0xx_tim.o(.text)
    TIM_ICInit                               0x08001e47   Thumb Code   112  stm32f0xx_tim.o(.text)
    TIM_ICStructInit                         0x08001eb7   Thumb Code    18  stm32f0xx_tim.o(.text)
    TIM_PWMIConfig                           0x08001ec9   Thumb Code   124  stm32f0xx_tim.o(.text)
    TIM_GetCapture1                          0x08001f45   Thumb Code     6  stm32f0xx_tim.o(.text)
    TIM_GetCapture2                          0x08001f4b   Thumb Code     6  stm32f0xx_tim.o(.text)
    TIM_GetCapture3                          0x08001f51   Thumb Code     6  stm32f0xx_tim.o(.text)
    TIM_GetCapture4                          0x08001f57   Thumb Code     6  stm32f0xx_tim.o(.text)
    TIM_ITConfig                             0x08001f5d   Thumb Code    20  stm32f0xx_tim.o(.text)
    TIM_GenerateEvent                        0x08001f71   Thumb Code     4  stm32f0xx_tim.o(.text)
    TIM_GetFlagStatus                        0x08001f75   Thumb Code    18  stm32f0xx_tim.o(.text)
    TIM_ClearFlag                            0x08001f87   Thumb Code     6  stm32f0xx_tim.o(.text)
    TIM_GetITStatus                          0x08001f8d   Thumb Code    38  stm32f0xx_tim.o(.text)
    TIM_ClearITPendingBit                    0x08001fb3   Thumb Code     6  stm32f0xx_tim.o(.text)
    TIM_DMAConfig                            0x08001fb9   Thumb Code    12  stm32f0xx_tim.o(.text)
    TIM_DMACmd                               0x08001fc5   Thumb Code    20  stm32f0xx_tim.o(.text)
    TIM_SelectCCDMA                          0x08001fd9   Thumb Code    26  stm32f0xx_tim.o(.text)
    TIM_InternalClockConfig                  0x08001ff3   Thumb Code    12  stm32f0xx_tim.o(.text)
    TIM_SelectInputTrigger                   0x08001fff   Thumb Code    22  stm32f0xx_tim.o(.text)
    TIM_ITRxExternalClockConfig              0x08002015   Thumb Code    24  stm32f0xx_tim.o(.text)
    TIM_TIxExternalClockConfig               0x0800202d   Thumb Code    58  stm32f0xx_tim.o(.text)
    TIM_ETRConfig                            0x08002067   Thumb Code    24  stm32f0xx_tim.o(.text)
    TIM_ETRClockMode1Config                  0x0800207f   Thumb Code    48  stm32f0xx_tim.o(.text)
    TIM_ETRClockMode2Config                  0x080020af   Thumb Code    34  stm32f0xx_tim.o(.text)
    TIM_SelectOutputTrigger                  0x080020d1   Thumb Code    18  stm32f0xx_tim.o(.text)
    TIM_SelectSlaveMode                      0x080020e3   Thumb Code    18  stm32f0xx_tim.o(.text)
    TIM_SelectMasterSlaveMode                0x080020f5   Thumb Code    18  stm32f0xx_tim.o(.text)
    TIM_EncoderInterfaceConfig               0x08002107   Thumb Code    60  stm32f0xx_tim.o(.text)
    TIM_SelectHallSensor                     0x08002143   Thumb Code    26  stm32f0xx_tim.o(.text)
    TIM_RemapConfig                          0x0800215d   Thumb Code     6  stm32f0xx_tim.o(.text)
    ADC_DeInit                               0x0800216d   Thumb Code    28  stm32f0xx_adc.o(.text)
    ADC_Init                                 0x08002189   Thumb Code    40  stm32f0xx_adc.o(.text)
    ADC_StructInit                           0x080021b1   Thumb Code    16  stm32f0xx_adc.o(.text)
    ADC_Cmd                                  0x080021c1   Thumb Code    24  stm32f0xx_adc.o(.text)
    ADC_JitterCmd                            0x080021d9   Thumb Code    20  stm32f0xx_adc.o(.text)
    ADC_AutoPowerOffCmd                      0x080021ed   Thumb Code    28  stm32f0xx_adc.o(.text)
    ADC_WaitModeCmd                          0x08002209   Thumb Code    28  stm32f0xx_adc.o(.text)
    ADC_AnalogWatchdogCmd                    0x08002225   Thumb Code    28  stm32f0xx_adc.o(.text)
    ADC_AnalogWatchdogThresholdsConfig       0x08002241   Thumb Code     8  stm32f0xx_adc.o(.text)
    ADC_AnalogWatchdogSingleChannelConfig    0x08002249   Thumb Code    28  stm32f0xx_adc.o(.text)
    ADC_AnalogWatchdogSingleChannelCmd       0x08002265   Thumb Code    28  stm32f0xx_adc.o(.text)
    ADC_TempSensorCmd                        0x08002281   Thumb Code    36  stm32f0xx_adc.o(.text)
    ADC_VrefintCmd                           0x080022a5   Thumb Code    36  stm32f0xx_adc.o(.text)
    ADC_VbatCmd                              0x080022c9   Thumb Code    36  stm32f0xx_adc.o(.text)
    ADC_ChannelConfig                        0x080022ed   Thumb Code    24  stm32f0xx_adc.o(.text)
    ADC_ContinuousModeCmd                    0x08002305   Thumb Code    28  stm32f0xx_adc.o(.text)
    ADC_DiscModeCmd                          0x08002321   Thumb Code    28  stm32f0xx_adc.o(.text)
    ADC_OverrunModeCmd                       0x0800233d   Thumb Code    28  stm32f0xx_adc.o(.text)
    ADC_GetCalibrationFactor                 0x08002359   Thumb Code    58  stm32f0xx_adc.o(.text)
    ADC_StopOfConversion                     0x08002393   Thumb Code    10  stm32f0xx_adc.o(.text)
    ADC_StartOfConversion                    0x0800239d   Thumb Code    10  stm32f0xx_adc.o(.text)
    ADC_GetConversionValue                   0x080023a7   Thumb Code     8  stm32f0xx_adc.o(.text)
    ADC_DMACmd                               0x080023af   Thumb Code    24  stm32f0xx_adc.o(.text)
    ADC_DMARequestModeConfig                 0x080023c7   Thumb Code    16  stm32f0xx_adc.o(.text)
    ADC_ITConfig                             0x080023d7   Thumb Code    20  stm32f0xx_adc.o(.text)
    ADC_GetFlagStatus                        0x080023eb   Thumb Code    44  stm32f0xx_adc.o(.text)
    ADC_ClearFlag                            0x08002417   Thumb Code     4  stm32f0xx_adc.o(.text)
    ADC_GetITStatus                          0x0800241b   Thumb Code    32  stm32f0xx_adc.o(.text)
    ADC_ClearITPendingBit                    0x0800243b   Thumb Code     4  stm32f0xx_adc.o(.text)
    SYSCFG_DeInit                            0x0800244d   Thumb Code    40  stm32f0xx_syscfg.o(.text)
    SYSCFG_MemoryRemapConfig                 0x08002475   Thumb Code    24  stm32f0xx_syscfg.o(.text)
    SYSCFG_DMAChannelRemapConfig             0x0800248d   Thumb Code    28  stm32f0xx_syscfg.o(.text)
    SYSCFG_I2CFastModePlusConfig             0x080024a9   Thumb Code    28  stm32f0xx_syscfg.o(.text)
    SYSCFG_EXTILineConfig                    0x080024c5   Thumb Code    66  stm32f0xx_syscfg.o(.text)
    SYSCFG_BreakConfig                       0x08002507   Thumb Code    12  stm32f0xx_syscfg.o(.text)
    SYSCFG_GetFlagStatus                     0x08002513   Thumb Code    24  stm32f0xx_syscfg.o(.text)
    SYSCFG_ClearFlag                         0x0800252b   Thumb Code    12  stm32f0xx_syscfg.o(.text)
    EXTI_DeInit                              0x0800253d   Thumb Code    20  stm32f0xx_exti.o(.text)
    EXTI_Init                                0x08002551   Thumb Code   132  stm32f0xx_exti.o(.text)
    EXTI_StructInit                          0x080025d5   Thumb Code    16  stm32f0xx_exti.o(.text)
    EXTI_GenerateSWInterrupt                 0x080025e5   Thumb Code    12  stm32f0xx_exti.o(.text)
    EXTI_GetFlagStatus                       0x080025f1   Thumb Code    20  stm32f0xx_exti.o(.text)
    EXTI_ClearFlag                           0x08002605   Thumb Code     6  stm32f0xx_exti.o(.text)
    EXTI_GetITStatus                         0x0800260b   Thumb Code    34  stm32f0xx_exti.o(.text)
    EXTI_ClearITPendingBit                   0x0800262d   Thumb Code     6  stm32f0xx_exti.o(.text)
    FLASH_SetLatency                         0x08002641   Thumb Code    24  stm32f0xx_flash.o(.text)
    FLASH_PrefetchBufferCmd                  0x08002659   Thumb Code    32  stm32f0xx_flash.o(.text)
    FLASH_GetPrefetchBufferStatus            0x08002679   Thumb Code    20  stm32f0xx_flash.o(.text)
    FLASH_Unlock                             0x0800268d   Thumb Code    22  stm32f0xx_flash.o(.text)
    FLASH_Lock                               0x080026a3   Thumb Code    14  stm32f0xx_flash.o(.text)
    FLASH_GetStatus                          0x080026b1   Thumb Code    48  stm32f0xx_flash.o(.text)
    FLASH_WaitForLastOperation               0x080026e1   Thumb Code    40  stm32f0xx_flash.o(.text)
    FLASH_ErasePage                          0x08002709   Thumb Code    72  stm32f0xx_flash.o(.text)
    FLASH_EraseAllPages                      0x08002751   Thumb Code    68  stm32f0xx_flash.o(.text)
    FLASH_ProgramWord                        0x08002795   Thumb Code    98  stm32f0xx_flash.o(.text)
    FLASH_ProgramHalfWord                    0x080027f7   Thumb Code    62  stm32f0xx_flash.o(.text)
    FLASH_OB_Unlock                          0x08002835   Thumb Code    24  stm32f0xx_flash.o(.text)
    FLASH_OB_Lock                            0x0800284d   Thumb Code    16  stm32f0xx_flash.o(.text)
    FLASH_OB_Launch                          0x0800285d   Thumb Code    16  stm32f0xx_flash.o(.text)
    FLASH_OB_GetRDP                          0x0800286d   Thumb Code    20  stm32f0xx_flash.o(.text)
    FLASH_OB_Erase                           0x08002881   Thumb Code   144  stm32f0xx_flash.o(.text)
    FLASH_OB_EnableWRP                       0x08002911   Thumb Code   108  stm32f0xx_flash.o(.text)
    FLASH_OB_RDPConfig                       0x0800297d   Thumb Code   134  stm32f0xx_flash.o(.text)
    FLASH_OB_UserConfig                      0x08002a03   Thumb Code   102  stm32f0xx_flash.o(.text)
    FLASH_OB_BOOTConfig                      0x08002a69   Thumb Code    70  stm32f0xx_flash.o(.text)
    FLASH_OB_VDDAConfig                      0x08002aaf   Thumb Code    70  stm32f0xx_flash.o(.text)
    FLASH_OB_SRAMParityConfig                0x08002af5   Thumb Code    70  stm32f0xx_flash.o(.text)
    FLASH_OB_WriteUser                       0x08002b3b   Thumb Code    70  stm32f0xx_flash.o(.text)
    FLASH_ProgramOptionByteData              0x08002b81   Thumb Code    66  stm32f0xx_flash.o(.text)
    FLASH_OB_GetUser                         0x08002bc3   Thumb Code    10  stm32f0xx_flash.o(.text)
    FLASH_OB_GetWRP                          0x08002bcd   Thumb Code     6  stm32f0xx_flash.o(.text)
    FLASH_ITConfig                           0x08002bd3   Thumb Code    28  stm32f0xx_flash.o(.text)
    FLASH_GetFlagStatus                      0x08002bef   Thumb Code    20  stm32f0xx_flash.o(.text)
    FLASH_ClearFlag                          0x08002c03   Thumb Code     6  stm32f0xx_flash.o(.text)
    UART_Configuration                       0x08002c11   Thumb Code   146  uart.o(.text)
    UART_Init                                0x08002ca3   Thumb Code    28  uart.o(.text)
    UART_send_byte                           0x08002cbf   Thumb Code    20  uart.o(.text)
    UART_Send                                0x08002cd3   Thumb Code    32  uart.o(.text)
    UART_Recive                              0x08002cf3   Thumb Code    22  uart.o(.text)
    fputc                                    0x08002d09   Thumb Code    32  uart.o(.text)
    Enable_Init                              0x08002d31   Thumb Code    54  enable.o(.text)
    Enable_On                                0x08002d67   Thumb Code    28  enable.o(.text)
    Enable_Off                               0x08002d83   Thumb Code    28  enable.o(.text)
    Enable_Toggle                            0x08002d9f   Thumb Code    34  enable.o(.text)
    StartUp                                  0x08002dc1   Thumb Code    96  enable.o(.text)
    ShutDown                                 0x08002e21   Thumb Code   122  enable.o(.text)
    Tune                                     0x08002e9b   Thumb Code   168  enable.o(.text)
    DAC_exInit                               0x08002f69   Thumb Code    52  dac.o(.text)
    DAC_Init_StartUp                         0x08002f9d   Thumb Code   148  dac.o(.text)
    DAC_Init_ShutDown                        0x08003031   Thumb Code   148  dac.o(.text)
    DAC_Init_Tune                            0x080030c5   Thumb Code   146  dac.o(.text)
    DAC_On                                   0x08003157   Thumb Code    16  dac.o(.text)
    DAC_Off                                  0x08003167   Thumb Code    16  dac.o(.text)
    DAC_Tune                                 0x08003177   Thumb Code    16  dac.o(.text)
    State_Init                               0x080031ad   Thumb Code    56  state.o(.text)
    delay_state                              0x080031e5   Thumb Code    24  state.o(.text)
    State_On                                 0x080031fd   Thumb Code    16  state.o(.text)
    State_Off                                0x0800320d   Thumb Code    16  state.o(.text)
    State_Toggle                             0x0800321d   Thumb Code    34  state.o(.text)
    State_Short                              0x0800323f   Thumb Code    76  state.o(.text)
    State_Vmode                              0x0800328b   Thumb Code    78  state.o(.text)
    Fault_Init                               0x080032dd   Thumb Code   112  fault.o(.text)
    Dir_Init                                 0x0800334d   Thumb Code    54  dir.o(.text)
    Dir_Transmit                             0x08003383   Thumb Code    16  dir.o(.text)
    Dir_Receive                              0x08003393   Thumb Code    16  dir.o(.text)
    Response                                 0x080033a5   Thumb Code   248  protocol.o(.text)
    wr_ID                                    0x0800349d   Thumb Code    42  protocol.o(.text)
    wr_TEC                                   0x080034c7   Thumb Code    12  protocol.o(.text)
    wr_Current                               0x080034d3   Thumb Code   100  protocol.o(.text)
    rd_Response                              0x08003537   Thumb Code    12  protocol.o(.text)
    wr_Enable                                0x08003543   Thumb Code    18  protocol.o(.text)
    rd_Order                                 0x08003555   Thumb Code   184  protocol.o(.text)
    Sixth_Check_Color                        0x0800360d   Thumb Code    42  protocol.o(.text)
    Fifth_Check_Reserved                     0x08003637   Thumb Code    88  protocol.o(.text)
    Fourth_Check_Bit                         0x0800368f   Thumb Code    52  protocol.o(.text)
    Third_Check_DataLen                      0x080036c3   Thumb Code    24  protocol.o(.text)
    Second_Check_Frame                       0x080036db   Thumb Code    32  protocol.o(.text)
    First_Check_ID                           0x080036fb   Thumb Code    70  protocol.o(.text)
    protocol                                 0x08003741   Thumb Code    14  protocol.o(.text)
    StartUp_Condition                        0x0800374f   Thumb Code    34  protocol.o(.text)
    ShutDown_Condition                       0x08003771   Thumb Code    84  protocol.o(.text)
    Tune_Condition                           0x080037c5   Thumb Code    52  protocol.o(.text)
    delay_us                                 0x08003805   Thumb Code    22  delay.o(.text)
    delay_ms                                 0x0800381b   Thumb Code    24  delay.o(.text)
    ADC_LP_UVP_NTC_Config                    0x08003839   Thumb Code    36  adc.o(.text)
    ADC_CSOUT_ISMON_Config                   0x0800385d   Thumb Code    34  adc.o(.text)
    ADC_DMA_Init                             0x0800387f   Thumb Code   244  adc.o(.text)
    ADC_exInit                               0x08003973   Thumb Code    16  adc.o(.text)
    hex2dec                                  0x08003999   Thumb Code    66  converter.o(.text)
    dec2hex                                  0x080039db   Thumb Code    42  converter.o(.text)
    WR_EEPROM                                0x08003a09   Thumb Code    38  eeprom_emulation.o(.text)
    __aeabi_uidiv                            0x08003a2f   Thumb Code     0  aeabi_sdiv.o(.text)
    __aeabi_uidivmod                         0x08003a2f   Thumb Code    20  aeabi_sdiv.o(.text)
    __aeabi_idiv                             0x08003a43   Thumb Code     0  aeabi_sdiv.o(.text)
    __aeabi_idivmod                          0x08003a43   Thumb Code   326  aeabi_sdiv.o(.text)
    __use_two_region_memory                  0x08003b89   Thumb Code     2  heapauxi.o(.text)
    __rt_heap_escrow$2region                 0x08003b8b   Thumb Code     2  heapauxi.o(.text)
    __rt_heap_expand$2region                 0x08003b8d   Thumb Code     2  heapauxi.o(.text)
    __user_setup_stackheap                   0x08003b8f   Thumb Code    62  sys_stackheap_outer.o(.text)
    exit                                     0x08003bcd   Thumb Code    12  exit.o(.text)
    __user_libspace                          0x08003bd9   Thumb Code     8  libspace.o(.text)
    __user_perproc_libspace                  0x08003bd9   Thumb Code     0  libspace.o(.text)
    __user_perthread_libspace                0x08003bd9   Thumb Code     0  libspace.o(.text)
    _sys_exit                                0x08003be1   Thumb Code     8  sys_exit.o(.text)
    __I$use$semihosting                      0x08003bed   Thumb Code     0  use_no_semi.o(.text)
    __use_no_semihosting_swi                 0x08003bed   Thumb Code     2  use_no_semi.o(.text)
    __semihosting_library_function           0x08003bef   Thumb Code     0  indicate_semi.o(.text)
    ctrlSoftStart                            0x08003bee   Data         274  dac.o(.constdata)
    ctrlSoftShut                             0x08003d00   Data         274  dac.o(.constdata)
    ctrlSoftIdle                             0x08003e12   Data         274  dac.o(.constdata)
    Region$$Table$$Base                      0x08003f24   Number         0  anon$$obj.o(Region$$Table)
    Region$$Table$$Limit                     0x08003f44   Number         0  anon$$obj.o(Region$$Table)
    SystemCoreClock                          0x20000000   Data           4  system_stm32f0xx.o(.data)
    AHBPrescTable                            0x20000004   Data          16  system_stm32f0xx.o(.data)
    Error                                    0x20000024   Data           1  stm32f0xx_it.o(.data)
    k                                        0x20000028   Data           4  stm32f0xx_it.o(.data)
    i                                        0x2000002c   Data           4  stm32f0xx_it.o(.data)
    count                                    0x20000030   Data           4  stm32f0xx_it.o(.data)
    lastcount                                0x20000034   Data           4  stm32f0xx_it.o(.data)
    flag                                     0x20000038   Data           4  stm32f0xx_it.o(.data)
    Flag_On                                  0x2000003c   Data           1  enable.o(.data)
    ctrlSoftTune                             0x20000040   Data           2  dac.o(.data)
    DAC_InitStructure                        0x20000044   Data           8  dac.o(.data)
    Flag_Order                               0x2000004c   Data           1  protocol.o(.data)
    CurrentMaxim                             0x2000004e   Data           2  protocol.o(.data)
    CurrentMinum                             0x20000050   Data           2  protocol.o(.data)
    CurrentTuneValue                         0x20000052   Data           2  protocol.o(.data)
    ID_ADDRESS                               0x20000054   Data           4  eeprom_emulation.o(.data)
    Current_Tune_ADDRESS                     0x20000058   Data           4  eeprom_emulation.o(.data)
    rd                                       0x2000005c   Data          19  stm32f0xx_it.o(.bss)
    cd                                       0x20000070   Data          24  stm32f0xx_it.o(.bss)
    TIM_TimeBaseStructure                    0x20000088   Data          12  dac.o(.bss)
    DMA_InitStructure                        0x20000094   Data          44  dac.o(.bss)
    wd                                       0x200000c0   Data          19  protocol.o(.bss)
    ADC_Data                                 0x200000d4   Data          12  adc.o(.bss)
    __libspace_start                         0x200000e0   Data          96  libspace.o(.bss)
    __temporary_stack_top$libspace           0x20000140   Data           0  libspace.o(.bss)



==============================================================================

Memory Map of the image

  Image Entry point : 0x080000c1

  Load Region LR_IROM1 (Base: 0x08000000, Size: 0x00003fa0, Max: 0x00010000, ABSOLUTE)

    Execution Region ER_IROM1 (Base: 0x08000000, Size: 0x00003f44, Max: 0x00010000, ABSOLUTE)

    Base Addr    Size         Type   Attr      Idx    E Section Name        Object

    0x08000000   0x000000c0   Data   RO            3    RESET               startup_stm32f0xx.o
    0x080000c0   0x00000008   Code   RO          820  * !!!main             c_p.l(__main.o)
    0x080000c8   0x0000003c   Code   RO          986    !!!scatter          c_p.l(__scatter.o)
    0x08000104   0x0000001a   Code   RO          988    !!handler_copy      c_p.l(__scatter_copy.o)
    0x0800011e   0x00000002   PAD
    0x08000120   0x0000001c   Code   RO          990    !!handler_zi        c_p.l(__scatter_zi.o)
    0x0800013c   0x00000002   Code   RO          858    .ARM.Collect$$libinit$$00000000  c_p.l(libinit.o)
    0x0800013e   0x00000004   Code   RO          871    .ARM.Collect$$libinit$$00000001  c_p.l(libinit2.o)
    0x08000142   0x00000000   Code   RO          875    .ARM.Collect$$libinit$$00000008  c_p.l(libinit2.o)
    0x08000142   0x00000000   Code   RO          877    .ARM.Collect$$libinit$$0000000A  c_p.l(libinit2.o)
    0x08000142   0x00000000   Code   RO          879    .ARM.Collect$$libinit$$0000000C  c_p.l(libinit2.o)
    0x08000142   0x00000000   Code   RO          882    .ARM.Collect$$libinit$$0000000F  c_p.l(libinit2.o)
    0x08000142   0x00000000   Code   RO          884    .ARM.Collect$$libinit$$00000011  c_p.l(libinit2.o)
    0x08000142   0x00000000   Code   RO          886    .ARM.Collect$$libinit$$00000013  c_p.l(libinit2.o)
    0x08000142   0x00000000   Code   RO          888    .ARM.Collect$$libinit$$00000015  c_p.l(libinit2.o)
    0x08000142   0x00000000   Code   RO          890    .ARM.Collect$$libinit$$00000017  c_p.l(libinit2.o)
    0x08000142   0x00000000   Code   RO          892    .ARM.Collect$$libinit$$00000019  c_p.l(libinit2.o)
    0x08000142   0x00000000   Code   RO          894    .ARM.Collect$$libinit$$0000001B  c_p.l(libinit2.o)
    0x08000142   0x00000000   Code   RO          896    .ARM.Collect$$libinit$$0000001D  c_p.l(libinit2.o)
    0x08000142   0x00000000   Code   RO          898    .ARM.Collect$$libinit$$0000001F  c_p.l(libinit2.o)
    0x08000142   0x00000000   Code   RO          900    .ARM.Collect$$libinit$$00000021  c_p.l(libinit2.o)
    0x08000142   0x00000000   Code   RO          902    .ARM.Collect$$libinit$$00000023  c_p.l(libinit2.o)
    0x08000142   0x00000000   Code   RO          906    .ARM.Collect$$libinit$$0000002A  c_p.l(libinit2.o)
    0x08000142   0x00000000   Code   RO          908    .ARM.Collect$$libinit$$0000002C  c_p.l(libinit2.o)
    0x08000142   0x00000000   Code   RO          910    .ARM.Collect$$libinit$$0000002E  c_p.l(libinit2.o)
    0x08000142   0x00000000   Code   RO          912    .ARM.Collect$$libinit$$00000030  c_p.l(libinit2.o)
    0x08000142   0x00000002   Code   RO          913    .ARM.Collect$$libinit$$00000031  c_p.l(libinit2.o)
    0x08000144   0x00000002   Code   RO          944    .ARM.Collect$$libshutdown$$00000000  c_p.l(libshutdown.o)
    0x08000146   0x00000000   Code   RO          971    .ARM.Collect$$libshutdown$$00000003  c_p.l(libshutdown2.o)
    0x08000146   0x00000000   Code   RO          974    .ARM.Collect$$libshutdown$$00000006  c_p.l(libshutdown2.o)
    0x08000146   0x00000000   Code   RO          977    .ARM.Collect$$libshutdown$$00000009  c_p.l(libshutdown2.o)
    0x08000146   0x00000000   Code   RO          979    .ARM.Collect$$libshutdown$$0000000B  c_p.l(libshutdown2.o)
    0x08000146   0x00000000   Code   RO          982    .ARM.Collect$$libshutdown$$0000000E  c_p.l(libshutdown2.o)
    0x08000146   0x00000002   Code   RO          983    .ARM.Collect$$libshutdown$$0000000F  c_p.l(libshutdown2.o)
    0x08000148   0x00000000   Code   RO          822    .ARM.Collect$$rtentry$$00000000  c_p.l(rtentry.o)
    0x08000148   0x00000000   Code   RO          828    .ARM.Collect$$rtentry$$00000002  c_p.l(rtentry2.o)
    0x08000148   0x00000006   Code   RO          840    .ARM.Collect$$rtentry$$00000004  c_p.l(rtentry4.o)
    0x0800014e   0x00000000   Code   RO          830    .ARM.Collect$$rtentry$$00000009  c_p.l(rtentry2.o)
    0x0800014e   0x00000004   Code   RO          831    .ARM.Collect$$rtentry$$0000000A  c_p.l(rtentry2.o)
    0x08000152   0x00000000   Code   RO          833    .ARM.Collect$$rtentry$$0000000C  c_p.l(rtentry2.o)
    0x08000152   0x00000008   Code   RO          834    .ARM.Collect$$rtentry$$0000000D  c_p.l(rtentry2.o)
    0x0800015a   0x00000002   Code   RO          863    .ARM.Collect$$rtexit$$00000000  c_p.l(rtexit.o)
    0x0800015c   0x00000000   Code   RO          917    .ARM.Collect$$rtexit$$00000002  c_p.l(rtexit2.o)
    0x0800015c   0x00000004   Code   RO          918    .ARM.Collect$$rtexit$$00000003  c_p.l(rtexit2.o)
    0x08000160   0x00000006   Code   RO          919    .ARM.Collect$$rtexit$$00000004  c_p.l(rtexit2.o)
    0x08000166   0x00000002   PAD
    0x08000168   0x00000038   Code   RO            4    .text               startup_stm32f0xx.o
    0x080001a0   0x000001f0   Code   RO           12    .text               system_stm32f0xx.o
    0x08000390   0x00000098   Code   RO          120    .text               main.o
    0x08000428   0x000001e0   Code   RO          188    .text               stm32f0xx_gpio.o
    0x08000608   0x000005ec   Code   RO          211    .text               stm32f0xx_rcc.o
    0x08000bf4   0x0000056e   Code   RO          236    .text               stm32f0xx_usart.o
    0x08001162   0x00000002   PAD
    0x08001164   0x000000b4   Code   RO          259    .text               stm32f0xx_misc.o
    0x08001218   0x000000bc   Code   RO          282    .text               stm32f0xx_it.o
    0x080012d4   0x00000160   Code   RO          314    .text               stm32f0xx_dac.o
    0x08001434   0x0000016c   Code   RO          337    .text               stm32f0xx_dma.o
    0x080015a0   0x00000bcc   Code   RO          360    .text               stm32f0xx_tim.o
    0x0800216c   0x000002e0   Code   RO          383    .text               stm32f0xx_adc.o
    0x0800244c   0x000000f0   Code   RO          406    .text               stm32f0xx_syscfg.o
    0x0800253c   0x00000104   Code   RO          429    .text               stm32f0xx_exti.o
    0x08002640   0x000005d0   Code   RO          475    .text               stm32f0xx_flash.o
    0x08002c10   0x00000120   Code   RO          498    .text               uart.o
    0x08002d30   0x00000238   Code   RO          518    .text               enable.o
    0x08002f68   0x00000244   Code   RO          545    .text               dac.o
    0x080031ac   0x00000130   Code   RO          571    .text               state.o
    0x080032dc   0x00000070   Code   RO          591    .text               fault.o
    0x0800334c   0x00000056   Code   RO          634    .text               dir.o
    0x080033a2   0x00000002   PAD
    0x080033a4   0x00000460   Code   RO          677    .text               protocol.o
    0x08003804   0x00000034   Code   RO          705    .text               delay.o
    0x08003838   0x00000160   Code   RO          725    .text               adc.o
    0x08003998   0x00000070   Code   RO          748    .text               converter.o
    0x08003a08   0x00000026   Code   RO          791    .text               eeprom_emulation.o
    0x08003a2e   0x0000015a   Code   RO          814    .text               c_p.l(aeabi_sdiv.o)
    0x08003b88   0x00000006   Code   RO          818    .text               c_p.l(heapauxi.o)
    0x08003b8e   0x0000003e   Code   RO          844    .text               c_p.l(sys_stackheap_outer.o)
    0x08003bcc   0x0000000c   Code   RO          847    .text               c_p.l(exit.o)
    0x08003bd8   0x00000008   Code   RO          859    .text               c_p.l(libspace.o)
    0x08003be0   0x0000000c   Code   RO          914    .text               c_p.l(sys_exit.o)
    0x08003bec   0x00000002   Code   RO          933    .text               c_p.l(use_no_semi.o)
    0x08003bee   0x00000000   Code   RO          935    .text               c_p.l(indicate_semi.o)
    0x08003bee   0x00000336   Data   RO          547    .constdata          dac.o
    0x08003f24   0x00000020   Data   RO          984    Region$$Table       anon$$obj.o


    Execution Region RW_IRAM1 (Base: 0x20000000, Size: 0x00000740, Max: 0x00002000, ABSOLUTE)

    Base Addr    Size         Type   Attr      Idx    E Section Name        Object

    0x20000000   0x00000014   Data   RW           13    .data               system_stm32f0xx.o
    0x20000014   0x00000010   Data   RW          212    .data               stm32f0xx_rcc.o
    0x20000024   0x00000018   Data   RW          284    .data               stm32f0xx_it.o
    0x2000003c   0x00000001   Data   RW          519    .data               enable.o
    0x2000003d   0x00000003   PAD
    0x20000040   0x0000000c   Data   RW          548    .data               dac.o
    0x2000004c   0x00000008   Data   RW          679    .data               protocol.o
    0x20000054   0x00000008   Data   RW          792    .data               eeprom_emulation.o
    0x2000005c   0x0000002c   Zero   RW          283    .bss                stm32f0xx_it.o
    0x20000088   0x00000038   Zero   RW          546    .bss                dac.o
    0x200000c0   0x00000013   Zero   RW          678    .bss                protocol.o
    0x200000d3   0x00000001   PAD
    0x200000d4   0x0000000c   Zero   RW          726    .bss                adc.o
    0x200000e0   0x00000060   Zero   RW          860    .bss                c_p.l(libspace.o)
    0x20000140   0x00000200   Zero   RW            2    HEAP                startup_stm32f0xx.o
    0x20000340   0x00000400   Zero   RW            1    STACK               startup_stm32f0xx.o


==============================================================================

Image component sizes


      Code (inc. data)   RO Data    RW Data    ZI Data      Debug   Object Name

       352         22          0          0         12       1562   adc.o
       112          4          0          0          0        774   converter.o
       580         38        822         12         56       2449   dac.o
        52          6          0          0          0        608   delay.o
        86          0          0          0          0        668   dir.o
        38          0          0          8          0       1074   eeprom_emulation.o
       568         38          0          1          0       1561   enable.o
       112          0          0          0          0        581   fault.o
       152          4          0          0          0        515   main.o
      1120         60          0          8         19       5255   protocol.o
        56         26        192          0       1536        604   startup_stm32f0xx.o
       304          4          0          0          0       1249   state.o
       736         14          0          0          0      14427   stm32f0xx_adc.o
       352          4          0          0          0       5177   stm32f0xx_dac.o
       364         12          0          0          0       8554   stm32f0xx_dma.o
       260         14          0          0          0       4451   stm32f0xx_exti.o
      1488         28          0          0          0      10016   stm32f0xx_flash.o
       480         22          0          0          0       7809   stm32f0xx_gpio.o
       188         26          0         24         44       3729   stm32f0xx_it.o
       180         14          0          0          0       2084   stm32f0xx_misc.o
      1516         44          0         16          0      18474   stm32f0xx_rcc.o
       240          6          0          0          0       1930   stm32f0xx_syscfg.o
      3020        120          0          0          0      41953   stm32f0xx_tim.o
      1390         12          0          0          0      21251   stm32f0xx_usart.o
       496         32          0         20          0     150819   system_stm32f0xx.o
       288          8          0          0          0       1870   uart.o

    ----------------------------------------------------------------------
     14534        558       1046         92       1668     309444   Object Totals
         0          0         32          0          0          0   (incl. Generated)
         4          0          0          3          1          0   (incl. Padding)

    ----------------------------------------------------------------------

      Code (inc. data)   RO Data    RW Data    ZI Data      Debug   Library Member Name

         8          0          0          0          0         68   __main.o
        60          8          0          0          0          0   __scatter.o
        26          0          0          0          0          0   __scatter_copy.o
        28          0          0          0          0          0   __scatter_zi.o
       346          0          0          0          0         92   aeabi_sdiv.o
        12          0          0          0          0         64   exit.o
         6          0          0          0          0        136   heapauxi.o
         0          0          0          0          0          0   indicate_semi.o
         2          0          0          0          0          0   libinit.o
         6          0          0          0          0          0   libinit2.o
         2          0          0          0          0          0   libshutdown.o
         2          0          0          0          0          0   libshutdown2.o
         8          4          0          0         96         68   libspace.o
         0          0          0          0          0          0   rtentry.o
        12          0          0          0          0          0   rtentry2.o
         6          0          0          0          0          0   rtentry4.o
         2          0          0          0          0          0   rtexit.o
        10          0          0          0          0          0   rtexit2.o
        12          4          0          0          0         60   sys_exit.o
        62          0          0          0          0         80   sys_stackheap_outer.o
         2          0          0          0          0         68   use_no_semi.o

    ----------------------------------------------------------------------
       616         16          0          0         96        636   Library Totals
         4          0          0          0          0          0   (incl. Padding)

    ----------------------------------------------------------------------

      Code (inc. data)   RO Data    RW Data    ZI Data      Debug   Library Name

       612         16          0          0         96        636   c_p.l

    ----------------------------------------------------------------------
       616         16          0          0         96        636   Library Totals

    ----------------------------------------------------------------------

==============================================================================


      Code (inc. data)   RO Data    RW Data    ZI Data      Debug   

     15150        574       1046         92       1764     307664   Grand Totals
     15150        574       1046         92       1764     307664   ELF Image Totals
     15150        574       1046         92          0          0   ROM Totals

==============================================================================

    Total RO  Size (Code + RO Data)                16196 (  15.82kB)
    Total RW  Size (RW Data + ZI Data)              1856 (   1.81kB)
    Total ROM Size (Code + RO Data + RW Data)      16288 (  15.91kB)

==============================================================================

