<html>
<body>
<pre>
<h1>µVision Build Log</h1>
<h2>Project:</h2>
E:\laserTrackerDesign\$16LDPower\code\RedDriveCtrlV2.1\user\drivCtrl.uvproj
Project File Date:  09/15/2015

<h2>Output:</h2>
Rebuild target 'Target 1'
assembling startup_stm32f0xx.s...
compiling system_stm32f0xx.c...
compiling main.c...
compiling stm32f0xx_gpio.c...
compiling stm32f0xx_rcc.c...
compiling stm32f0xx_usart.c...
compiling stm32f0xx_misc.c...
compiling stm32f0xx_it.c...
compiling stm32f0xx_dac.c...
compiling stm32f0xx_dma.c...
compiling stm32f0xx_tim.c...
compiling stm32f0xx_adc.c...
compiling stm32f0xx_syscfg.c...
compiling stm32f0xx_exti.c...
compiling uart.c...
compiling enable.c...
compiling dac.c...
compiling state.c...
compiling fault.c...
compiling PWM.c...
compiling dir.c...
compiling ntc.c...
linking...
drivCtrl.axf: Error: L6218E: Undefined symbol FLASH_Unlock (referred from main.o).
Target not created
Load "E:\\laserTrackerDesign\\$16LDPower\\code\\RedDriveCtrlV2.1\\user\\drivCtrl.AXF" 
_____^
*** error 56: cannot open file
Load "E:\\laserTrackerDesign\\$16LDPower\\code\\RedDriveCtrlV2.1\\user\\drivCtrl.AXF" 
_____^
*** error 56: cannot open file
Rebuild target 'Target 1'
assembling startup_stm32f0xx.s...
compiling system_stm32f0xx.c...
compiling main.c...
compiling stm32f0xx_gpio.c...
compiling stm32f0xx_rcc.c...
compiling stm32f0xx_usart.c...
compiling stm32f0xx_misc.c...
compiling stm32f0xx_it.c...
compiling stm32f0xx_dac.c...
compiling stm32f0xx_dma.c...
compiling stm32f0xx_tim.c...
compiling stm32f0xx_adc.c...
compiling stm32f0xx_syscfg.c...
compiling stm32f0xx_exti.c...
compiling uart.c...
compiling enable.c...
compiling dac.c...
compiling state.c...
compiling fault.c...
compiling PWM.c...
compiling dir.c...
compiling ntc.c...
linking...
drivCtrl.axf: Error: L6218E: Undefined symbol FLASH_Unlock (referred from main.o).
Target not created
Rebuild target 'Target 1'
assembling startup_stm32f0xx.s...
compiling system_stm32f0xx.c...
compiling main.c...
compiling stm32f0xx_gpio.c...
compiling stm32f0xx_rcc.c...
compiling stm32f0xx_usart.c...
compiling stm32f0xx_misc.c...
compiling stm32f0xx_it.c...
compiling stm32f0xx_dac.c...
compiling stm32f0xx_dma.c...
compiling stm32f0xx_tim.c...
compiling stm32f0xx_adc.c...
compiling stm32f0xx_syscfg.c...
compiling stm32f0xx_exti.c...
compiling uart.c...
compiling enable.c...
compiling dac.c...
compiling state.c...
compiling fault.c...
compiling PWM.c...
compiling dir.c...
compiling ntc.c...
linking...
Program Size: Code=11614 RO-data=506 RW-data=40 ZI-data=1712  
FromELF: creating hex file...
"drivCtrl.axf" - 0 Error(s), 0 Warning(s).
Load "E:\\laserTrackerDesign\\$16LDPower\\code\\RedDriveCtrlV2.1\\user\\drivCtrl.AXF" 
Erase Done.
Programming Done.
Verify OK.
Application running ...
Rebuild target 'Target 1'
assembling startup_stm32f0xx.s...
compiling system_stm32f0xx.c...
compiling main.c...
compiling stm32f0xx_gpio.c...
compiling stm32f0xx_rcc.c...
compiling stm32f0xx_usart.c...
compiling stm32f0xx_misc.c...
compiling stm32f0xx_it.c...
..\lib\stm32f0xx_it.c(144): error:  #134: expected a field name
compiling stm32f0xx_dac.c...
compiling stm32f0xx_dma.c...
compiling stm32f0xx_tim.c...
compiling stm32f0xx_adc.c...
compiling stm32f0xx_syscfg.c...
compiling stm32f0xx_exti.c...
compiling uart.c...
compiling enable.c...
compiling dac.c...
compiling state.c...
compiling fault.c...
compiling PWM.c...
compiling dir.c...
compiling ntc.c...
Target not created
Rebuild target 'Target 1'
assembling startup_stm32f0xx.s...
compiling system_stm32f0xx.c...
compiling main.c...
compiling stm32f0xx_gpio.c...
compiling stm32f0xx_rcc.c...
compiling stm32f0xx_usart.c...
compiling stm32f0xx_misc.c...
compiling stm32f0xx_it.c...
compiling stm32f0xx_dac.c...
compiling stm32f0xx_dma.c...
compiling stm32f0xx_tim.c...
compiling stm32f0xx_adc.c...
compiling stm32f0xx_syscfg.c...
compiling stm32f0xx_exti.c...
compiling uart.c...
compiling enable.c...
compiling dac.c...
compiling state.c...
compiling fault.c...
compiling PWM.c...
compiling dir.c...
compiling ntc.c...
linking...
Program Size: Code=11546 RO-data=506 RW-data=36 ZI-data=1716  
FromELF: creating hex file...
"drivCtrl.axf" - 0 Error(s), 0 Warning(s).
