<html>
<body>
<pre>
<h1>µVision Build Log</h1>
<h2>Project:</h2>
E:\laserTrackerDesign\$16LDPower\code\Red Final-RedDriveCtrlV3.3\user\drivCtrl.uvproj
Project File Date:  06/06/2016

<h2>Output:</h2>
Rebuild target 'Target 1'
assembling startup_stm32f0xx.s...
compiling system_stm32f0xx.c...
compiling main.c...
compiling stm32f0xx_gpio.c...
compiling stm32f0xx_rcc.c...
compiling stm32f0xx_usart.c...
compiling stm32f0xx_misc.c...
compiling stm32f0xx_it.c...
compiling stm32f0xx_dac.c...
compiling stm32f0xx_dma.c...
compiling stm32f0xx_tim.c...
compiling stm32f0xx_adc.c...
compiling stm32f0xx_syscfg.c...
compiling stm32f0xx_exti.c...
compiling stm32f0xx_iwdg.c...
compiling stm32f0xx_flash.c...
compiling uart.c...
compiling enable.c...
compiling dac.c...
compiling state.c...
compiling fault.c...
compiling PWM.c...
compiling dir.c...
compiling rdctrl.c...
compiling protocol.c...
compiling delay.c...
compiling adc.c...
compiling converter.c...
compiling iwdg.c...
compiling eeprom_emulation.c...
linking...
Program Size: Code=15150 RO-data=1046 RW-data=92 ZI-data=1764  
FromELF: creating hex file...
"drivCtrl.axf" - 0 Error(s), 0 Warning(s).
